Archive member included to satisfy reference by file (symbol)

C:/ST/STM32CubeIDE_1.16.0/STM32CubeIDE/plugins/com.st.stm32cube.ide.mcu.externaltools.gnu-tools-for-stm32.12.3.rel1.win32_1.1.0.202410251130/tools/bin/../lib/gcc/arm-none-eabi/12.3.1/../../../../arm-none-eabi/lib/thumb/v7e-m+dp/hard\libc_nano.a(libc_a-exit.o)
                              C:/ST/STM32CubeIDE_1.16.0/STM32CubeIDE/plugins/com.st.stm32cube.ide.mcu.externaltools.gnu-tools-for-stm32.12.3.rel1.win32_1.1.0.202410251130/tools/bin/../lib/gcc/arm-none-eabi/12.3.1/../../../../arm-none-eabi/lib/thumb/v7e-m+dp/hard/crt0.o (exit)
C:/ST/STM32CubeIDE_1.16.0/STM32CubeIDE/plugins/com.st.stm32cube.ide.mcu.externaltools.gnu-tools-for-stm32.12.3.rel1.win32_1.1.0.202410251130/tools/bin/../lib/gcc/arm-none-eabi/12.3.1/../../../../arm-none-eabi/lib/thumb/v7e-m+dp/hard\libc_nano.a(libc_a-malloc.o)
                              ./Core/Src/main.o (malloc)
C:/ST/STM32CubeIDE_1.16.0/STM32CubeIDE/plugins/com.st.stm32cube.ide.mcu.externaltools.gnu-tools-for-stm32.12.3.rel1.win32_1.1.0.202410251130/tools/bin/../lib/gcc/arm-none-eabi/12.3.1/../../../../arm-none-eabi/lib/thumb/v7e-m+dp/hard\libc_nano.a(libc_a-mallocr.o)
                              C:/ST/STM32CubeIDE_1.16.0/STM32CubeIDE/plugins/com.st.stm32cube.ide.mcu.externaltools.gnu-tools-for-stm32.12.3.rel1.win32_1.1.0.202410251130/tools/bin/../lib/gcc/arm-none-eabi/12.3.1/../../../../arm-none-eabi/lib/thumb/v7e-m+dp/hard\libc_nano.a(libc_a-malloc.o) (_malloc_r)
C:/ST/STM32CubeIDE_1.16.0/STM32CubeIDE/plugins/com.st.stm32cube.ide.mcu.externaltools.gnu-tools-for-stm32.12.3.rel1.win32_1.1.0.202410251130/tools/bin/../lib/gcc/arm-none-eabi/12.3.1/../../../../arm-none-eabi/lib/thumb/v7e-m+dp/hard\libc_nano.a(libc_a-mlock.o)
                              C:/ST/STM32CubeIDE_1.16.0/STM32CubeIDE/plugins/com.st.stm32cube.ide.mcu.externaltools.gnu-tools-for-stm32.12.3.rel1.win32_1.1.0.202410251130/tools/bin/../lib/gcc/arm-none-eabi/12.3.1/../../../../arm-none-eabi/lib/thumb/v7e-m+dp/hard\libc_nano.a(libc_a-mallocr.o) (__malloc_lock)
C:/ST/STM32CubeIDE_1.16.0/STM32CubeIDE/plugins/com.st.stm32cube.ide.mcu.externaltools.gnu-tools-for-stm32.12.3.rel1.win32_1.1.0.202410251130/tools/bin/../lib/gcc/arm-none-eabi/12.3.1/../../../../arm-none-eabi/lib/thumb/v7e-m+dp/hard\libc_nano.a(libc_a-findfp.o)
                              C:/ST/STM32CubeIDE_1.16.0/STM32CubeIDE/plugins/com.st.stm32cube.ide.mcu.externaltools.gnu-tools-for-stm32.12.3.rel1.win32_1.1.0.202410251130/tools/bin/../lib/gcc/arm-none-eabi/12.3.1/../../../../arm-none-eabi/lib/thumb/v7e-m+dp/hard\libc_nano.a(libc_a-exit.o) (__stdio_exit_handler)
C:/ST/STM32CubeIDE_1.16.0/STM32CubeIDE/plugins/com.st.stm32cube.ide.mcu.externaltools.gnu-tools-for-stm32.12.3.rel1.win32_1.1.0.202410251130/tools/bin/../lib/gcc/arm-none-eabi/12.3.1/../../../../arm-none-eabi/lib/thumb/v7e-m+dp/hard\libc_nano.a(libc_a-fwalk.o)
                              C:/ST/STM32CubeIDE_1.16.0/STM32CubeIDE/plugins/com.st.stm32cube.ide.mcu.externaltools.gnu-tools-for-stm32.12.3.rel1.win32_1.1.0.202410251130/tools/bin/../lib/gcc/arm-none-eabi/12.3.1/../../../../arm-none-eabi/lib/thumb/v7e-m+dp/hard\libc_nano.a(libc_a-findfp.o) (_fwalk_sglue)
C:/ST/STM32CubeIDE_1.16.0/STM32CubeIDE/plugins/com.st.stm32cube.ide.mcu.externaltools.gnu-tools-for-stm32.12.3.rel1.win32_1.1.0.202410251130/tools/bin/../lib/gcc/arm-none-eabi/12.3.1/../../../../arm-none-eabi/lib/thumb/v7e-m+dp/hard\libc_nano.a(libc_a-printf.o)
                              ./Core/Src/EPD_4in2_V2.o (printf)
C:/ST/STM32CubeIDE_1.16.0/STM32CubeIDE/plugins/com.st.stm32cube.ide.mcu.externaltools.gnu-tools-for-stm32.12.3.rel1.win32_1.1.0.202410251130/tools/bin/../lib/gcc/arm-none-eabi/12.3.1/../../../../arm-none-eabi/lib/thumb/v7e-m+dp/hard\libc_nano.a(libc_a-puts.o)
                              ./Core/Src/EPD_4in2_V2.o (puts)
C:/ST/STM32CubeIDE_1.16.0/STM32CubeIDE/plugins/com.st.stm32cube.ide.mcu.externaltools.gnu-tools-for-stm32.12.3.rel1.win32_1.1.0.202410251130/tools/bin/../lib/gcc/arm-none-eabi/12.3.1/../../../../arm-none-eabi/lib/thumb/v7e-m+dp/hard\libc_nano.a(libc_a-stdio.o)
                              C:/ST/STM32CubeIDE_1.16.0/STM32CubeIDE/plugins/com.st.stm32cube.ide.mcu.externaltools.gnu-tools-for-stm32.12.3.rel1.win32_1.1.0.202410251130/tools/bin/../lib/gcc/arm-none-eabi/12.3.1/../../../../arm-none-eabi/lib/thumb/v7e-m+dp/hard\libc_nano.a(libc_a-findfp.o) (__sread)
C:/ST/STM32CubeIDE_1.16.0/STM32CubeIDE/plugins/com.st.stm32cube.ide.mcu.externaltools.gnu-tools-for-stm32.12.3.rel1.win32_1.1.0.202410251130/tools/bin/../lib/gcc/arm-none-eabi/12.3.1/../../../../arm-none-eabi/lib/thumb/v7e-m+dp/hard\libc_nano.a(libc_a-wbuf.o)
                              C:/ST/STM32CubeIDE_1.16.0/STM32CubeIDE/plugins/com.st.stm32cube.ide.mcu.externaltools.gnu-tools-for-stm32.12.3.rel1.win32_1.1.0.202410251130/tools/bin/../lib/gcc/arm-none-eabi/12.3.1/../../../../arm-none-eabi/lib/thumb/v7e-m+dp/hard\libc_nano.a(libc_a-puts.o) (__swbuf_r)
[...]
Memory Configuration

Name             Origin             Length             Attributes
ITCMRAM          0x00000000         0x00010000         xrw
DTCMRAM          0x20000000         0x00020000         xrw
FLASH            0x08000000         0x00100000         xr
RAM_D1           0x24000000         0x00050000         xrw
RAM_D2           0x30000000         0x00008000         xrw
RAM_D3           0x38000000         0x00004000         xrw
*default*        0x00000000         0xffffffff

Linker script and memory map

LOAD C:/ST/STM32CubeIDE_1.16.0/STM32CubeIDE/plugins/com.st.stm32cube.ide.mcu.externaltools.gnu-tools-for-stm32.12.3.rel1.win32_1.1.0.202410251130/tools/bin/../lib/gcc/arm-none-eabi/12.3.1/thumb/v7e-m+dp/hard/crti.o
LOAD C:/ST/STM32CubeIDE_1.16.0/STM32CubeIDE/plugins/com.st.stm32cube.ide.mcu.externaltools.gnu-tools-for-stm32.12.3.rel1.win32_1.1.0.202410251130/tools/bin/../lib/gcc/arm-none-eabi/12.3.1/thumb/v7e-m+dp/hard/crtbegin.o
LOAD C:/ST/STM32CubeIDE_1.16.0/STM32CubeIDE/plugins/com.st.stm32cube.ide.mcu.externaltools.gnu-tools-for-stm32.12.3.rel1.win32_1.1.0.202410251130/tools/bin/../lib/gcc/arm-none-eabi/12.3.1/../../../../arm-none-eabi/lib/thumb/v7e-m+dp/hard/crt0.o
LOAD ./Core/Src/DEV_Config.o
LOAD ./Core/Src/EPD_4in2_V2.o
LOAD ./Core/Src/GUI_Paint.o
LOAD ./Core/Src/ImageData.o
LOAD ./Core/Src/ImageData2.o
LOAD ./Core/Src/epaper.o
LOAD ./Core/Src/font12.o
LOAD ./Core/Src/font12CN.o
LOAD ./Core/Src/font16.o
LOAD ./Core/Src/font20.o
LOAD ./Core/Src/font24.o
LOAD ./Core/Src/font24CN.o
LOAD ./Core/Src/font8.o
LOAD ./Core/Src/main.o
LOAD ./Core/Src/stm32h7xx_hal_msp.o
LOAD ./Core/Src/stm32h7xx_it.o
LOAD ./Core/Src/syscalls.o
LOAD ./Core/Src/sysmem.o
LOAD ./Core/Src/system_stm32h7xx.o
LOAD ./Core/Startup/startup_stm32h723vgtx.o
LOAD ./Drivers/STM32H7xx_HAL_Driver/Src/stm32h7xx_hal.o
LOAD ./Drivers/STM32H7xx_HAL_Driver/Src/stm32h7xx_hal_cortex.o
LOAD ./Drivers/STM32H7xx_HAL_Driver/Src/stm32h7xx_hal_dma.o
LOAD ./Drivers/STM32H7xx_HAL_Driver/Src/stm32h7xx_hal_dma_ex.o
LOAD ./Drivers/STM32H7xx_HAL_Driver/Src/stm32h7xx_hal_exti.o
LOAD ./Drivers/STM32H7xx_HAL_Driver/Src/stm32h7xx_hal_flash.o
LOAD ./Drivers/STM32H7xx_HAL_Driver/Src/stm32h7xx_hal_flash_ex.o
LOAD ./Drivers/STM32H7xx_HAL_Driver/Src/stm32h7xx_hal_gpio.o
LOAD ./Drivers/STM32H7xx_HAL_Driver/Src/stm32h7xx_hal_hsem.o
LOAD ./Drivers/STM32H7xx_HAL_Driver/Src/stm32h7xx_hal_i2c.o
LOAD ./Drivers/STM32H7xx_HAL_Driver/Src/stm32h7xx_hal_i2c_ex.o
LOAD ./Drivers/STM32H7xx_HAL_Driver/Src/stm32h7xx_hal_mdma.o
LOAD ./Drivers/STM32H7xx_HAL_Driver/Src/stm32h7xx_hal_pwr.o
LOAD ./Drivers/STM32H7xx_HAL_Driver/Src/stm32h7xx_hal_pwr_ex.o
LOAD ./Drivers/STM32H7xx_HAL_Driver/Src/stm32h7xx_hal_rcc.o
LOAD ./Drivers/STM32H7xx_HAL_Driver/Src/stm32h7xx_hal_rcc_ex.o
LOAD ./Drivers/STM32H7xx_HAL_Driver/Src/stm32h7xx_hal_spi.o
LOAD ./Drivers/STM32H7xx_HAL_Driver/Src/stm32h7xx_hal_spi_ex.o
LOAD ./Drivers/STM32H7xx_HAL_Driver/Src/stm32h7xx_hal_tim.o
LOAD ./Drivers/STM32H7xx_HAL_Driver/Src/stm32h7xx_hal_tim_ex.o
LOAD ./Drivers/STM32H7xx_HAL_Driver/Src/stm32h7xx_hal_uart.o
LOAD ./Drivers/STM32H7xx_HAL_Driver/Src/stm32h7xx_hal_uart_ex.o
START GROUP
LOAD C:/ST/STM32CubeIDE_1.16.0/STM32CubeIDE/plugins/com.st.stm32cube.ide.mcu.externaltools.gnu-tools-for-stm32.12.3.rel1.win32_1.1.0.202410251130/tools/bin/../lib/gcc/arm-none-eabi/12.3.1/../../../../arm-none-eabi/lib/thumb/v7e-m+dp/hard\libc_nano.a
LOAD C:/ST/STM32CubeIDE_1.16.0/STM32CubeIDE/plugins/com.st.stm32cube.ide.mcu.externaltools.gnu-tools-for-stm32.12.3.rel1.win32_1.1.0.202410251130/tools/bin/../lib/gcc/arm-none-eabi/12.3.1/../../../../arm-none-eabi/lib/thumb/v7e-m+dp/hard\libm.a
END GROUP
START GROUP
LOAD C:/ST/STM32CubeIDE_1.16.0/STM32CubeIDE/plugins/com.st.stm32cube.ide.mcu.externaltools.gnu-tools-for-stm32.12.3.rel1.win32_1.1.0.202410251130/tools/bin/../lib/gcc/arm-none-eabi/12.3.1/thumb/v7e-m+dp/hard\libgcc.a
LOAD C:/ST/STM32CubeIDE_1.16.0/STM32CubeIDE/plugins/com.st.stm32cube.ide.mcu.externaltools.gnu-tools-for-stm32.12.3.rel1.win32_1.1.0.202410251130/tools/bin/../lib/gcc/arm-none-eabi/12.3.1/../../../../arm-none-eabi/lib/thumb/v7e-m+dp/hard\libc_nano.a
END GROUP
START GROUP
LOAD C:/ST/STM32CubeIDE_1.16.0/STM32CubeIDE/plugins/com.st.stm32cube.ide.mcu.externaltools.gnu-tools-for-stm32.12.3.rel1.win32_1.1.0.202410251130/tools/bin/../lib/gcc/arm-none-eabi/12.3.1/thumb/v7e-m+dp/hard\libgcc.a
LOAD C:/ST/STM32CubeIDE_1.16.0/STM32CubeIDE/plugins/com.st.stm32cube.ide.mcu.externaltools.gnu-tools-for-stm32.12.3.rel1.win32_1.1.0.202410251130/tools/bin/../lib/gcc/arm-none-eabi/12.3.1/../../../../arm-none-eabi/lib/thumb/v7e-m+dp/hard\libc_nano.a
LOAD C:/ST/STM32CubeIDE_1.16.0/STM32CubeIDE/plugins/com.st.stm32cube.ide.mcu.externaltools.gnu-tools-for-stm32.12.3.rel1.win32_1.1.0.202410251130/tools/bin/../lib/gcc/arm-none-eabi/12.3.1/../../../../arm-none-eabi/lib/thumb/v7e-m+dp/hard\libnosys.a
END GROUP
START GROUP
LOAD C:/ST/STM32CubeIDE_1.16.0/STM32CubeIDE/plugins/com.st.stm32cube.ide.mcu.externaltools.gnu-tools-for-stm32.12.3.rel1.win32_1.1.0.202410251130/tools/bin/../lib/gcc/arm-none-eabi/12.3.1/thumb/v7e-m+dp/hard\libgcc.a
LOAD C:/ST/STM32CubeIDE_1.16.0/STM32CubeIDE/plugins/com.st.stm32cube.ide.mcu.externaltools.gnu-tools-for-stm32.12.3.rel1.win32_1.1.0.202410251130/tools/bin/../lib/gcc/arm-none-eabi/12.3.1/../../../../arm-none-eabi/lib/thumb/v7e-m+dp/hard\libc_nano.a
LOAD C:/ST/STM32CubeIDE_1.16.0/STM32CubeIDE/plugins/com.st.stm32cube.ide.mcu.externaltools.gnu-tools-for-stm32.12.3.rel1.win32_1.1.0.202410251130/tools/bin/../lib/gcc/arm-none-eabi/12.3.1/../../../../arm-none-eabi/lib/thumb/v7e-m+dp/hard\libnosys.a
END GROUP
LOAD C:/ST/STM32CubeIDE_1.16.0/STM32CubeIDE/plugins/com.st.stm32cube.ide.mcu.externaltools.gnu-tools-for-stm32.12.3.rel1.win32_1.1.0.202410251130/tools/bin/../lib/gcc/arm-none-eabi/12.3.1/thumb/v7e-m+dp/hard/crtend.o
LOAD C:/ST/STM32CubeIDE_1.16.0/STM32CubeIDE/plugins/com.st.stm32cube.ide.mcu.externaltools.gnu-tools-for-stm32.12.3.rel1.win32_1.1.0.202410251130/tools/bin/../lib/gcc/arm-none-eabi/12.3.1/thumb/v7e-m+dp/hard/crtn.o
                0x24050000                        _estack = (ORIGIN (RAM_D1) + LENGTH (RAM_D1))
                0x00000200                        _Min_Heap_Size = 0x200
                0x00000400                        _Min_Stack_Size = 0x400

.isr_vector     0x08000000      0x2cc
                0x08000000                        . = ALIGN (0x4)
 *(.isr_vector)
 .isr_vector    0x08000000      0x2cc ./Core/Startup/startup_stm32h723vgtx.o
                0x08000000                g_pfnVectors
                0x080002cc                        . = ALIGN (0x4)

.text           0x080002d0     0x9b80
                0x080002d0                        . = ALIGN (0x4)
 *(.text)
 .text          0x080002d0       0x40 C:/ST/STM32CubeIDE_1.16.0/STM32CubeIDE/plugins/com.st.stm32cube.ide.mcu.externaltools.gnu-tools-for-stm32.12.3.rel1.win32_1.1.0.202410251130/tools/bin/../lib/gcc/arm-none-eabi/12.3.1/thumb/v7e-m+dp/hard/crtbegin.o
 .text          0x08000310       0xa0 C:/ST/STM32CubeIDE_1.16.0/STM32CubeIDE/plugins/com.st.stm32cube.ide.mcu.externaltools.gnu-tools-for-stm32.12.3.rel1.win32_1.1.0.202410251130/tools/bin/../lib/gcc/arm-none-eabi/12.3.1/../../../../arm-none-eabi/lib/thumb/v7e-m+dp/hard\libc_nano.a(libc_a-memchr.o)
                0x08000310                memchr
 .text          0x080003b0       0x30 C:/ST/STM32CubeIDE_1.16.0/STM32CubeIDE/plugins/com.st.stm32cube.ide.mcu.externaltools.gnu-tools-for-stm32.12.3.rel1.win32_1.1.0.202410251130/tools/bin/../lib/gcc/arm-none-eabi/12.3.1/thumb/v7e-m+dp/hard\libgcc.a(_aeabi_uldivmod.o)
                0x080003b0                __aeabi_uldivmod
 .text          0x080003e0      0x2bc C:/ST/STM32CubeIDE_1.16.0/STM32CubeIDE/plugins/com.st.stm32cube.ide.mcu.externaltools.gnu-tools-for-stm32.12.3.rel1.win32_1.1.0.202410251130/tools/bin/../lib/gcc/arm-none-eabi/12.3.1/thumb/v7e-m+dp/hard\libgcc.a(_udivmoddi4.o)
                0x080003e0                __udivmoddi4
 .text          0x0800069c        0x4 C:/ST/STM32CubeIDE_1.16.0/STM32CubeIDE/plugins/com.st.stm32cube.ide.mcu.externaltools.gnu-tools-for-stm32.12.3.rel1.win32_1.1.0.202410251130/tools/bin/../lib/gcc/arm-none-eabi/12.3.1/thumb/v7e-m+dp/hard\libgcc.a(_dvmd_tls.o)
                0x0800069c                __aeabi_idiv0
                0x0800069c                __aeabi_ldiv0
 *(.text*)
 .text.DEV_SPI_WriteByte
                0x080006a0       0x24 ./Core/Src/DEV_Config.o
                0x080006a0                DEV_SPI_WriteByte
 .text.DEV_Module_Init
                0x080006c4       0x30 ./Core/Src/DEV_Config.o
                0x080006c4                DEV_Module_Init
 .text.DEV_Module_Exit
                0x080006f4       0x2c ./Core/Src/DEV_Config.o
                0x080006f4                DEV_Module_Exit
 .text.EPD_4IN2_V2_Reset
                0x08000720       0x44 ./Core/Src/EPD_4in2_V2.o
 .text.EPD_4IN2_V2_SendCommand
                0x08000764       0x3c ./Core/Src/EPD_4in2_V2.o
 .text.EPD_4IN2_V2_SendData
                0x080007a0       0x3c ./Core/Src/EPD_4in2_V2.o
 .text.EPD_4IN2_V2_ReadBusy
                0x080007dc       0x48 ./Core/Src/EPD_4in2_V2.o
                0x080007dc                EPD_4IN2_V2_ReadBusy
 .text.EPD_4IN2_V2_TurnOnDisplay
                0x08000824       0x1e ./Core/Src/EPD_4in2_V2.o
 .text.EPD_4IN2_V2_TurnOnDisplay_Partial
                0x08000842       0x1e ./Core/Src/EPD_4in2_V2.o
 .text.EPD_4IN2_V2_TurnOnDisplay_4Gray
                0x08000860       0x1e ./Core/Src/EPD_4in2_V2.o
 .text.EPD_4IN2_V2_SetWindows
                0x0800087e       0x7e ./Core/Src/EPD_4in2_V2.o
 .text.EPD_4IN2_V2_SetCursor
                0x080008fc       0x4a ./Core/Src/EPD_4in2_V2.o
 *fill*         0x08000946        0x2 
 .text.EPD_4IN2_V2_4Gray_lut
                0x08000948       0xbc ./Core/Src/EPD_4in2_V2.o
 .text.EPD_4IN2_V2_Init
                0x08000a04       0x60 ./Core/Src/EPD_4in2_V2.o
                0x08000a04                EPD_4IN2_V2_Init
 .text.EPD_4IN2_V2_Init_4Gray
                0x08000a64       0x7a ./Core/Src/EPD_4in2_V2.o
                0x08000a64                EPD_4IN2_V2_Init_4Gray
 .text.EPD_4IN2_V2_Clear
                0x08000ade       0x84 ./Core/Src/EPD_4in2_V2.o
                0x08000ade                EPD_4IN2_V2_Clear
 .text.EPD_4IN2_V2_Display
                0x08000b62       0xae ./Core/Src/EPD_4in2_V2.o
                0x08000b62                EPD_4IN2_V2_Display
 .text.EPD_4IN2_V2_Display_4Gray
                0x08000c10      0x1f8 ./Core/Src/EPD_4in2_V2.o
                0x08000c10                EPD_4IN2_V2_Display_4Gray
 .text.EPD_4IN2_V2_PartialDisplay
                0x08000e08      0x1aa ./Core/Src/EPD_4in2_V2.o
                0x08000e08                EPD_4IN2_V2_PartialDisplay
 .text.EPD_4IN2_V2_Sleep
                0x08000fb2       0x1a ./Core/Src/EPD_4in2_V2.o
                0x08000fb2                EPD_4IN2_V2_Sleep
 .text.Paint_NewImage
                0x08000fcc       0xac ./Core/Src/GUI_Paint.o
                0x08000fcc                Paint_NewImage
 .text.Paint_SelectImage
                0x08001078       0x20 ./Core/Src/GUI_Paint.o
                0x08001078                Paint_SelectImage
 .text.Paint_SetScale
                0x08001098       0xd8 ./Core/Src/GUI_Paint.o
                0x08001098                Paint_SetScale
 .text.Paint_SetPixel
                0x08001170      0x2a0 ./Core/Src/GUI_Paint.o
                0x08001170                Paint_SetPixel
 .text.Paint_Clear
                0x08001410      0x148 ./Core/Src/GUI_Paint.o
                0x08001410                Paint_Clear
 .text.Paint_DrawPoint
                0x08001558      0x158 ./Core/Src/GUI_Paint.o
                0x08001558                Paint_DrawPoint
 .text.Paint_DrawLine
                0x080016b0      0x158 ./Core/Src/GUI_Paint.o
                0x080016b0                Paint_DrawLine
 .text.Paint_DrawRectangle
                0x08001808      0x108 ./Core/Src/GUI_Paint.o
                0x08001808                Paint_DrawRectangle
 .text.Paint_DrawCircle
                0x08001910      0x318 ./Core/Src/GUI_Paint.o
                0x08001910                Paint_DrawCircle
 .text.Paint_DrawChar
                0x08001c28      0x150 ./Core/Src/GUI_Paint.o
                0x08001c28                Paint_DrawChar
 .text.Paint_DrawString_EN
                0x08001d78       0xa8 ./Core/Src/GUI_Paint.o
                0x08001d78                Paint_DrawString_EN
 .text.Paint_DrawString_CN
                0x08001e20      0x302 ./Core/Src/GUI_Paint.o
                0x08001e20                Paint_DrawString_CN
 *fill*         0x08002122        0x2 
 .text.Paint_DrawNum
                0x08002124      0x1a4 ./Core/Src/GUI_Paint.o
                0x08002124                Paint_DrawNum
 .text.Paint_DrawBitMap
                0x080022c8       0x6c ./Core/Src/GUI_Paint.o
                0x080022c8                Paint_DrawBitMap
 .text.__io_putchar
                0x08002334       0x24 ./Core/Src/main.o
                0x08002334                __io_putchar
 .text.main     0x08002358       0x3c ./Core/Src/main.o
                0x08002358                main
 .text.SystemClock_Config
                0x08002394       0xe0 ./Core/Src/main.o
                0x08002394                SystemClock_Config
 .text.MX_SPI2_Init
                0x08002474       0xb4 ./Core/Src/main.o
 .text.MX_TIM8_Init
                0x08002528      0x120 ./Core/Src/main.o
 .text.MX_UART4_Init
                0x08002648       0x98 ./Core/Src/main.o
 .text.MX_GPIO_Init
                0x080026e0      0x10c ./Core/Src/main.o
 .text._mainWaveShare
                0x080027ec      0x5e4 ./Core/Src/main.o
                0x080027ec                _mainWaveShare
 .text.MPU_Config
                0x08002dd0       0x58 ./Core/Src/main.o
 .text.Error_Handler
                0x08002e28        0xc ./Core/Src/main.o
                0x08002e28                Error_Handler
 .text.HAL_MspInit
                0x08002e34       0x34 ./Core/Src/stm32h7xx_hal_msp.o
                0x08002e34                HAL_MspInit
 .text.HAL_SPI_MspInit
                0x08002e68      0x11c ./Core/Src/stm32h7xx_hal_msp.o
                0x08002e68                HAL_SPI_MspInit
 .text.HAL_TIM_Base_MspInit
                0x08002f84       0x44 ./Core/Src/stm32h7xx_hal_msp.o
                0x08002f84                HAL_TIM_Base_MspInit
 .text.HAL_UART_MspInit
                0x08002fc8       0xd0 ./Core/Src/stm32h7xx_hal_msp.o
                0x08002fc8                HAL_UART_MspInit
 .text.NMI_Handler
                0x08003098        0x8 ./Core/Src/stm32h7xx_it.o
                0x08003098                NMI_Handler
 .text.HardFault_Handler
                0x080030a0        0x8 ./Core/Src/stm32h7xx_it.o
                0x080030a0                HardFault_Handler
 .text.MemManage_Handler
                0x080030a8        0x8 ./Core/Src/stm32h7xx_it.o
                0x080030a8                MemManage_Handler
 .text.BusFault_Handler
                0x080030b0        0x8 ./Core/Src/stm32h7xx_it.o
                0x080030b0                BusFault_Handler
 .text.UsageFault_Handler
                0x080030b8        0x8 ./Core/Src/stm32h7xx_it.o
                0x080030b8                UsageFault_Handler
 .text.SVC_Handler
                0x080030c0        0xe ./Core/Src/stm32h7xx_it.o
                0x080030c0                SVC_Handler
 .text.DebugMon_Handler
                0x080030ce        0xe ./Core/Src/stm32h7xx_it.o
                0x080030ce                DebugMon_Handler
 .text.PendSV_Handler
                0x080030dc        0xe ./Core/Src/stm32h7xx_it.o
                0x080030dc                PendSV_Handler
 .text.SysTick_Handler
                0x080030ea        0xc ./Core/Src/stm32h7xx_it.o
                0x080030ea                SysTick_Handler
 .text._read    0x080030f6       0x3a ./Core/Src/syscalls.o
                0x080030f6                _read
 .text._write   0x08003130       0x38 ./Core/Src/syscalls.o
                0x08003130                _write
 .text._close   0x08003168       0x18 ./Core/Src/syscalls.o
                0x08003168                _close
 .text._fstat   0x08003180       0x20 ./Core/Src/syscalls.o
                0x08003180                _fstat
 .text._isatty  0x080031a0       0x16 ./Core/Src/syscalls.o
                0x080031a0                _isatty
 .text._lseek   0x080031b6       0x1a ./Core/Src/syscalls.o
                0x080031b6                _lseek
 .text._sbrk    0x080031d0       0x6c ./Core/Src/sysmem.o
                0x080031d0                _sbrk
 .text.SystemInit
                0x0800323c       0xf0 ./Core/Src/system_stm32h7xx.o
                0x0800323c                SystemInit
 .text.Reset_Handler
                0x0800332c       0x50 ./Core/Startup/startup_stm32h723vgtx.o
                0x0800332c                Reset_Handler
 .text.Default_Handler
                0x0800337c        0x2 ./Core/Startup/startup_stm32h723vgtx.o
                0x0800337c                RTC_Alarm_IRQHandler
                0x0800337c                EXTI2_IRQHandler
                0x0800337c                TIM8_CC_IRQHandler
                0x0800337c                UART8_IRQHandler
                0x0800337c                SPI4_IRQHandler
                0x0800337c                FDCAN3_IT0_IRQHandler
                0x0800337c                TIM1_CC_IRQHandler
                0x0800337c                BDMA_Channel6_IRQHandler
                0x0800337c                DMA2_Stream5_IRQHandler
                0x0800337c                DMA1_Stream5_IRQHandler
                0x0800337c                CORDIC_IRQHandler
                0x0800337c                BDMA_Channel1_IRQHandler
                0x0800337c                TAMP_STAMP_IRQHandler
                0x0800337c                EXTI3_IRQHandler
                0x0800337c                LPTIM4_IRQHandler
                0x0800337c                TIM8_TRG_COM_TIM14_IRQHandler
                0x0800337c                LPTIM2_IRQHandler
                0x0800337c                DFSDM1_FLT1_IRQHandler
                0x0800337c                DMAMUX2_OVR_IRQHandler
                0x0800337c                TIM8_UP_TIM13_IRQHandler
                0x0800337c                I2C3_ER_IRQHandler
                0x0800337c                DFSDM1_FLT2_IRQHandler
                0x0800337c                I2C5_EV_IRQHandler
                0x0800337c                USART10_IRQHandler
                0x0800337c                MDMA_IRQHandler
                0x0800337c                LPTIM3_IRQHandler
                0x0800337c                HSEM1_IRQHandler
                0x0800337c                EXTI0_IRQHandler
                0x0800337c                I2C2_EV_IRQHandler
                0x0800337c                DMA1_Stream2_IRQHandler
                0x0800337c                FPU_IRQHandler
                0x0800337c                OTG_HS_WKUP_IRQHandler
                0x0800337c                FDCAN1_IT1_IRQHandler
                0x0800337c                LTDC_ER_IRQHandler
                0x0800337c                DMA2_Stream2_IRQHandler
                0x0800337c                SPI1_IRQHandler
                0x0800337c                OCTOSPI1_IRQHandler
                0x0800337c                TIM6_DAC_IRQHandler
                0x0800337c                DMA2_Stream3_IRQHandler
                0x0800337c                OCTOSPI2_IRQHandler
                0x0800337c                DFSDM1_FLT3_IRQHandler
                0x0800337c                TIM23_IRQHandler
                0x0800337c                USART6_IRQHandler
                0x0800337c                TIM17_IRQHandler
                0x0800337c                USART3_IRQHandler
                0x0800337c                BDMA_Channel7_IRQHandler
                0x0800337c                LPTIM5_IRQHandler
                0x0800337c                UART5_IRQHandler
                0x0800337c                ADC3_IRQHandler
                0x0800337c                DMA2_Stream0_IRQHandler
                0x0800337c                TIM4_IRQHandler
                0x0800337c                BDMA_Channel2_IRQHandler
                0x0800337c                I2C1_EV_IRQHandler
                0x0800337c                DMA1_Stream6_IRQHandler
                0x0800337c                DMAMUX1_OVR_IRQHandler
                0x0800337c                DMA1_Stream1_IRQHandler
                0x0800337c                TIM16_IRQHandler
                0x0800337c                UART4_IRQHandler
                0x0800337c                BDMA_Channel5_IRQHandler
                0x0800337c                TIM3_IRQHandler
                0x0800337c                RCC_IRQHandler
                0x0800337c                UART9_IRQHandler
                0x0800337c                TIM8_BRK_TIM12_IRQHandler
                0x0800337c                TIM1_TRG_COM_IRQHandler
                0x0800337c                Default_Handler
                0x0800337c                ECC_IRQHandler
                0x0800337c                FMAC_IRQHandler
                0x0800337c                CEC_IRQHandler
                0x0800337c                EXTI15_10_IRQHandler
                0x0800337c                BDMA_Channel0_IRQHandler
                0x0800337c                ADC_IRQHandler
                0x0800337c                I2C5_ER_IRQHandler
                0x0800337c                DMA1_Stream7_IRQHandler
                0x0800337c                SPI5_IRQHandler
                0x0800337c                TIM7_IRQHandler
                0x0800337c                FDCAN3_IT1_IRQHandler
                0x0800337c                SDMMC1_IRQHandler
                0x0800337c                TIM5_IRQHandler
                0x0800337c                DMA2_Stream7_IRQHandler
                0x0800337c                TIM15_IRQHandler
                0x0800337c                PVD_AVD_IRQHandler
                0x0800337c                I2C3_EV_IRQHandler
                0x0800337c                EXTI9_5_IRQHandler
                0x0800337c                RTC_WKUP_IRQHandler
                0x0800337c                LTDC_IRQHandler
                0x0800337c                ETH_WKUP_IRQHandler
                0x0800337c                SPDIF_RX_IRQHandler
                0x0800337c                SPI2_IRQHandler
                0x0800337c                OTG_HS_EP1_IN_IRQHandler
                0x0800337c                DMA1_Stream0_IRQHandler
                0x0800337c                TIM24_IRQHandler
                0x0800337c                CRS_IRQHandler
                0x0800337c                EXTI4_IRQHandler
                0x0800337c                RNG_IRQHandler
                0x0800337c                FDCAN2_IT1_IRQHandler
                0x0800337c                ETH_IRQHandler
                0x0800337c                TIM1_UP_IRQHandler
                0x0800337c                BDMA_Channel4_IRQHandler
                0x0800337c                OTG_HS_EP1_OUT_IRQHandler
                0x0800337c                WWDG_IRQHandler
                0x0800337c                SPI6_IRQHandler
                0x0800337c                MDIOS_IRQHandler
                0x0800337c                I2C4_EV_IRQHandler
                0x0800337c                FDCAN2_IT0_IRQHandler
                0x0800337c                LPUART1_IRQHandler
                0x0800337c                FDCAN1_IT0_IRQHandler
                0x0800337c                TIM2_IRQHandler
                0x0800337c                OTG_HS_IRQHandler
                0x0800337c                DMA2D_IRQHandler
                0x0800337c                TIM1_BRK_IRQHandler
                0x0800337c                EXTI1_IRQHandler
                0x0800337c                SDMMC2_IRQHandler
                0x0800337c                BDMA_Channel3_IRQHandler
                0x0800337c                DTS_IRQHandler
                0x0800337c                UART7_IRQHandler
                0x0800337c                MDIOS_WKUP_IRQHandler
                0x0800337c                USART2_IRQHandler
                0x0800337c                DFSDM1_FLT0_IRQHandler
                0x0800337c                SAI4_IRQHandler
                0x0800337c                I2C2_ER_IRQHandler
                0x0800337c                DMA2_Stream1_IRQHandler
                0x0800337c                FLASH_IRQHandler
                0x0800337c                DMA2_Stream4_IRQHandler
                0x0800337c                USART1_IRQHandler
                0x0800337c                SPI3_IRQHandler
                0x0800337c                WAKEUP_PIN_IRQHandler
                0x0800337c                DMA1_Stream4_IRQHandler
                0x0800337c                I2C1_ER_IRQHandler
                0x0800337c                FMC_IRQHandler
                0x0800337c                FDCAN_CAL_IRQHandler
                0x0800337c                SWPMI1_IRQHandler
                0x0800337c                COMP1_IRQHandler
                0x0800337c                LPTIM1_IRQHandler
                0x0800337c                DCMI_PSSI_IRQHandler
                0x0800337c                I2C4_ER_IRQHandler
                0x0800337c                DMA2_Stream6_IRQHandler
                0x0800337c                SAI1_IRQHandler
                0x0800337c                DMA1_Stream3_IRQHandler
 *fill*         0x0800337e        0x2 
 .text.HAL_Init
                0x08003380       0x78 ./Drivers/STM32H7xx_HAL_Driver/Src/stm32h7xx_hal.o
                0x08003380                HAL_Init
 .text.HAL_InitTick
                0x080033f8       0x6c ./Drivers/STM32H7xx_HAL_Driver/Src/stm32h7xx_hal.o
                0x080033f8                HAL_InitTick
 .text.HAL_IncTick
                0x08003464       0x28 ./Drivers/STM32H7xx_HAL_Driver/Src/stm32h7xx_hal.o
                0x08003464                HAL_IncTick
 .text.HAL_GetTick
                0x0800348c       0x18 ./Drivers/STM32H7xx_HAL_Driver/Src/stm32h7xx_hal.o
                0x0800348c                HAL_GetTick
 .text.HAL_Delay
                0x080034a4       0x48 ./Drivers/STM32H7xx_HAL_Driver/Src/stm32h7xx_hal.o
                0x080034a4                HAL_Delay
 .text.__NVIC_SetPriorityGrouping
                0x080034ec       0x48 ./Drivers/STM32H7xx_HAL_Driver/Src/stm32h7xx_hal_cortex.o
 .text.__NVIC_GetPriorityGrouping
                0x08003534       0x1c ./Drivers/STM32H7xx_HAL_Driver/Src/stm32h7xx_hal_cortex.o
 .text.__NVIC_SetPriority
                0x08003550       0x54 ./Drivers/STM32H7xx_HAL_Driver/Src/stm32h7xx_hal_cortex.o
 .text.NVIC_EncodePriority
                0x080035a4       0x66 ./Drivers/STM32H7xx_HAL_Driver/Src/stm32h7xx_hal_cortex.o
 *fill*         0x0800360a        0x2 
 .text.SysTick_Config
                0x0800360c       0x44 ./Drivers/STM32H7xx_HAL_Driver/Src/stm32h7xx_hal_cortex.o
 .text.HAL_NVIC_SetPriorityGrouping
                0x08003650       0x16 ./Drivers/STM32H7xx_HAL_Driver/Src/stm32h7xx_hal_cortex.o
                0x08003650                HAL_NVIC_SetPriorityGrouping
 .text.HAL_NVIC_SetPriority
                0x08003666       0x34 ./Drivers/STM32H7xx_HAL_Driver/Src/stm32h7xx_hal_cortex.o
                0x08003666                HAL_NVIC_SetPriority
 .text.HAL_SYSTICK_Config
                0x0800369a       0x18 ./Drivers/STM32H7xx_HAL_Driver/Src/stm32h7xx_hal_cortex.o
                0x0800369a                HAL_SYSTICK_Config
 *fill*         0x080036b2        0x2 
 .text.HAL_MPU_Disable
                0x080036b4       0x30 ./Drivers/STM32H7xx_HAL_Driver/Src/stm32h7xx_hal_cortex.o
                0x080036b4                HAL_MPU_Disable
 .text.HAL_MPU_Enable
                0x080036e4       0x40 ./Drivers/STM32H7xx_HAL_Driver/Src/stm32h7xx_hal_cortex.o
                0x080036e4                HAL_MPU_Enable
 .text.HAL_MPU_ConfigRegion
                0x08003724       0x80 ./Drivers/STM32H7xx_HAL_Driver/Src/stm32h7xx_hal_cortex.o
                0x08003724                HAL_MPU_ConfigRegion
 .text.HAL_GPIO_Init
                0x080037a4      0x350 ./Drivers/STM32H7xx_HAL_Driver/Src/stm32h7xx_hal_gpio.o
                0x080037a4                HAL_GPIO_Init
 .text.HAL_GPIO_ReadPin
                0x08003af4       0x30 ./Drivers/STM32H7xx_HAL_Driver/Src/stm32h7xx_hal_gpio.o
                0x08003af4                HAL_GPIO_ReadPin
 .text.HAL_GPIO_WritePin
                0x08003b24       0x32 ./Drivers/STM32H7xx_HAL_Driver/Src/stm32h7xx_hal_gpio.o
                0x08003b24                HAL_GPIO_WritePin
 .text.HAL_GPIO_TogglePin
                0x08003b56       0x34 ./Drivers/STM32H7xx_HAL_Driver/Src/stm32h7xx_hal_gpio.o
                0x08003b56                HAL_GPIO_TogglePin
 *fill*         0x08003b8a        0x2 
 .text.HAL_PWREx_ConfigSupply
                0x08003b8c       0x74 ./Drivers/STM32H7xx_HAL_Driver/Src/stm32h7xx_hal_pwr_ex.o
                0x08003b8c                HAL_PWREx_ConfigSupply
 .text.HAL_RCC_OscConfig
                0x08003c00      0x7b4 ./Drivers/STM32H7xx_HAL_Driver/Src/stm32h7xx_hal_rcc.o
                0x08003c00                HAL_RCC_OscConfig
 .text.HAL_RCC_ClockConfig
                0x080043b4      0x36c ./Drivers/STM32H7xx_HAL_Driver/Src/stm32h7xx_hal_rcc.o
                0x080043b4                HAL_RCC_ClockConfig
 .text.HAL_RCC_GetSysClockFreq
                0x08004720      0x2f4 ./Drivers/STM32H7xx_HAL_Driver/Src/stm32h7xx_hal_rcc.o
                0x08004720                HAL_RCC_GetSysClockFreq
 .text.HAL_RCC_GetHCLKFreq
                0x08004a14       0x60 ./Drivers/STM32H7xx_HAL_Driver/Src/stm32h7xx_hal_rcc.o
                0x08004a14                HAL_RCC_GetHCLKFreq
 .text.HAL_RCC_GetPCLK1Freq
                0x08004a74       0x2c ./Drivers/STM32H7xx_HAL_Driver/Src/stm32h7xx_hal_rcc.o
                0x08004a74                HAL_RCC_GetPCLK1Freq
 .text.HAL_RCC_GetPCLK2Freq
                0x08004aa0       0x2c ./Drivers/STM32H7xx_HAL_Driver/Src/stm32h7xx_hal_rcc.o
                0x08004aa0                HAL_RCC_GetPCLK2Freq
 .text.HAL_RCCEx_PeriphCLKConfig
                0x08004acc     0x1340 ./Drivers/STM32H7xx_HAL_Driver/Src/stm32h7xx_hal_rcc_ex.o
                0x08004acc                HAL_RCCEx_PeriphCLKConfig
 .text.HAL_RCCEx_GetD3PCLK1Freq
                0x08005e0c       0x2c ./Drivers/STM32H7xx_HAL_Driver/Src/stm32h7xx_hal_rcc_ex.o
                0x08005e0c                HAL_RCCEx_GetD3PCLK1Freq
 .text.HAL_RCCEx_GetPLL2ClockFreq
                0x08005e38      0x2a8 ./Drivers/STM32H7xx_HAL_Driver/Src/stm32h7xx_hal_rcc_ex.o
                0x08005e38                HAL_RCCEx_GetPLL2ClockFreq
 .text.HAL_RCCEx_GetPLL3ClockFreq
                0x080060e0      0x2a8 ./Drivers/STM32H7xx_HAL_Driver/Src/stm32h7xx_hal_rcc_ex.o
                0x080060e0                HAL_RCCEx_GetPLL3ClockFreq
 .text.RCCEx_PLL2_Config
                0x08006388      0x164 ./Drivers/STM32H7xx_HAL_Driver/Src/stm32h7xx_hal_rcc_ex.o
 .text.RCCEx_PLL3_Config
                0x080064ec      0x164 ./Drivers/STM32H7xx_HAL_Driver/Src/stm32h7xx_hal_rcc_ex.o
 .text.HAL_SPI_Init
                0x08006650      0x248 ./Drivers/STM32H7xx_HAL_Driver/Src/stm32h7xx_hal_spi.o
                0x08006650                HAL_SPI_Init
 .text.HAL_SPI_Transmit
                0x08006898      0x3dc ./Drivers/STM32H7xx_HAL_Driver/Src/stm32h7xx_hal_spi.o
                0x08006898                HAL_SPI_Transmit
 .text.SPI_CloseTransfer
                0x08006c74      0x140 ./Drivers/STM32H7xx_HAL_Driver/Src/stm32h7xx_hal_spi.o
 .text.SPI_WaitOnFlagUntilTimeout
                0x08006db4       0x5c ./Drivers/STM32H7xx_HAL_Driver/Src/stm32h7xx_hal_spi.o
 .text.SPI_GetPacketSize
                0x08006e10       0x36 ./Drivers/STM32H7xx_HAL_Driver/Src/stm32h7xx_hal_spi.o
 .text.HAL_TIM_Base_Init
                0x08006e46       0xae ./Drivers/STM32H7xx_HAL_Driver/Src/stm32h7xx_hal_tim.o
                0x08006e46                HAL_TIM_Base_Init
 .text.HAL_TIM_IC_Init
                0x08006ef4       0xae ./Drivers/STM32H7xx_HAL_Driver/Src/stm32h7xx_hal_tim.o
                0x08006ef4                HAL_TIM_IC_Init
 .text.HAL_TIM_IC_MspInit
                0x08006fa2       0x14 ./Drivers/STM32H7xx_HAL_Driver/Src/stm32h7xx_hal_tim.o
                0x08006fa2                HAL_TIM_IC_MspInit
 .text.HAL_TIM_IC_ConfigChannel
                0x08006fb6      0x138 ./Drivers/STM32H7xx_HAL_Driver/Src/stm32h7xx_hal_tim.o
                0x08006fb6                HAL_TIM_IC_ConfigChannel
 .text.HAL_TIM_SlaveConfigSynchro
                0x080070ee       0x84 ./Drivers/STM32H7xx_HAL_Driver/Src/stm32h7xx_hal_tim.o
                0x080070ee                HAL_TIM_SlaveConfigSynchro
 *fill*         0x08007172        0x2 
 .text.TIM_Base_SetConfig
                0x08007174      0x158 ./Drivers/STM32H7xx_HAL_Driver/Src/stm32h7xx_hal_tim.o
                0x08007174                TIM_Base_SetConfig
 .text.TIM_SlaveTimer_SetConfig
                0x080072cc      0x1d4 ./Drivers/STM32H7xx_HAL_Driver/Src/stm32h7xx_hal_tim.o
 .text.TIM_TI1_SetConfig
                0x080074a0      0x100 ./Drivers/STM32H7xx_HAL_Driver/Src/stm32h7xx_hal_tim.o
                0x080074a0                TIM_TI1_SetConfig
 .text.TIM_TI1_ConfigInputStage
                0x080075a0       0x5e ./Drivers/STM32H7xx_HAL_Driver/Src/stm32h7xx_hal_tim.o
 .text.TIM_TI2_SetConfig
                0x080075fe       0x7a ./Drivers/STM32H7xx_HAL_Driver/Src/stm32h7xx_hal_tim.o
 .text.TIM_TI2_ConfigInputStage
                0x08007678       0x60 ./Drivers/STM32H7xx_HAL_Driver/Src/stm32h7xx_hal_tim.o
 .text.TIM_TI3_SetConfig
                0x080076d8       0x78 ./Drivers/STM32H7xx_HAL_Driver/Src/stm32h7xx_hal_tim.o
 .text.TIM_TI4_SetConfig
                0x08007750       0x7a ./Drivers/STM32H7xx_HAL_Driver/Src/stm32h7xx_hal_tim.o
 .text.TIM_ETR_SetConfig
                0x080077ca       0x40 ./Drivers/STM32H7xx_HAL_Driver/Src/stm32h7xx_hal_tim.o
                0x080077ca                TIM_ETR_SetConfig
 *fill*         0x0800780a        0x2 
 .text.HAL_TIMEx_MasterConfigSynchronization
                0x0800780c      0x138 ./Drivers/STM32H7xx_HAL_Driver/Src/stm32h7xx_hal_tim_ex.o
                0x0800780c                HAL_TIMEx_MasterConfigSynchronization
 .text.HAL_TIMEx_TISelection
                0x08007944       0xdc ./Drivers/STM32H7xx_HAL_Driver/Src/stm32h7xx_hal_tim_ex.o
                0x08007944                HAL_TIMEx_TISelection
 .text.HAL_UART_Init
                0x08007a20       0xa0 ./Drivers/STM32H7xx_HAL_Driver/Src/stm32h7xx_hal_uart.o
                0x08007a20                HAL_UART_Init
 .text.HAL_UART_Transmit
                0x08007ac0      0x11c ./Drivers/STM32H7xx_HAL_Driver/Src/stm32h7xx_hal_uart.o
                0x08007ac0                HAL_UART_Transmit
 .text.UART_SetConfig
                0x08007bdc      0xcd8 ./Drivers/STM32H7xx_HAL_Driver/Src/stm32h7xx_hal_uart.o
                0x08007bdc                UART_SetConfig
 .text.UART_AdvFeatureConfig
                0x080088b4      0x144 ./Drivers/STM32H7xx_HAL_Driver/Src/stm32h7xx_hal_uart.o
                0x080088b4                UART_AdvFeatureConfig
 .text.UART_CheckIdleState
                0x080089f8      0x154 ./Drivers/STM32H7xx_HAL_Driver/Src/stm32h7xx_hal_uart.o
                0x080089f8                UART_CheckIdleState
 .text.UART_WaitOnFlagUntilTimeout
                0x08008b4c       0xda ./Drivers/STM32H7xx_HAL_Driver/Src/stm32h7xx_hal_uart.o
                0x08008b4c                UART_WaitOnFlagUntilTimeout
 *fill*         0x08008c26        0x2 
 .text.UART_EndRxTransfer
                0x08008c28       0xcc ./Drivers/STM32H7xx_HAL_Driver/Src/stm32h7xx_hal_uart.o
 .text.HAL_UARTEx_DisableFifoMode
                0x08008cf4       0x72 ./Drivers/STM32H7xx_HAL_Driver/Src/stm32h7xx_hal_uart_ex.o
                0x08008cf4                HAL_UARTEx_DisableFifoMode
 .text.HAL_UARTEx_SetTxFifoThreshold
                0x08008d66       0x7c ./Drivers/STM32H7xx_HAL_Driver/Src/stm32h7xx_hal_uart_ex.o
                0x08008d66                HAL_UARTEx_SetTxFifoThreshold
 .text.HAL_UARTEx_SetRxFifoThreshold
                0x08008de2       0x7c ./Drivers/STM32H7xx_HAL_Driver/Src/stm32h7xx_hal_uart_ex.o
                0x08008de2                HAL_UARTEx_SetRxFifoThreshold
 *fill*         0x08008e5e        0x2 
 .text.UARTEx_SetNbDataToProcess
                0x08008e60       0x9c ./Drivers/STM32H7xx_HAL_Driver/Src/stm32h7xx_hal_uart_ex.o
 .text.malloc   0x08008efc       0x10 C:/ST/STM32CubeIDE_1.16.0/STM32CubeIDE/plugins/com.st.stm32cube.ide.mcu.externaltools.gnu-tools-for-stm32.12.3.rel1.win32_1.1.0.202410251130/tools/bin/../lib/gcc/arm-none-eabi/12.3.1/../../../../arm-none-eabi/lib/thumb/v7e-m+dp/hard\libc_nano.a(libc_a-malloc.o)
                0x08008efc                malloc
 .text.free     0x08008f0c       0x10 C:/ST/STM32CubeIDE_1.16.0/STM32CubeIDE/plugins/com.st.stm32cube.ide.mcu.externaltools.gnu-tools-for-stm32.12.3.rel1.win32_1.1.0.202410251130/tools/bin/../lib/gcc/arm-none-eabi/12.3.1/../../../../arm-none-eabi/lib/thumb/v7e-m+dp/hard\libc_nano.a(libc_a-malloc.o)
                0x08008f0c                free
 .text.sbrk_aligned
                0x08008f1c       0x44 C:/ST/STM32CubeIDE_1.16.0/STM32CubeIDE/plugins/com.st.stm32cube.ide.mcu.externaltools.gnu-tools-for-stm32.12.3.rel1.win32_1.1.0.202410251130/tools/bin/../lib/gcc/arm-none-eabi/12.3.1/../../../../arm-none-eabi/lib/thumb/v7e-m+dp/hard\libc_nano.a(libc_a-mallocr.o)
 .text._malloc_r
                0x08008f60      0x100 C:/ST/STM32CubeIDE_1.16.0/STM32CubeIDE/plugins/com.st.stm32cube.ide.mcu.externaltools.gnu-tools-for-stm32.12.3.rel1.win32_1.1.0.202410251130/tools/bin/../lib/gcc/arm-none-eabi/12.3.1/../../../../arm-none-eabi/lib/thumb/v7e-m+dp/hard\libc_nano.a(libc_a-mallocr.o)
                0x08008f60                _malloc_r
 .text.__malloc_lock
                0x08009060        0xc C:/ST/STM32CubeIDE_1.16.0/STM32CubeIDE/plugins/com.st.stm32cube.ide.mcu.externaltools.gnu-tools-for-stm32.12.3.rel1.win32_1.1.0.202410251130/tools/bin/../lib/gcc/arm-none-eabi/12.3.1/../../../../arm-none-eabi/lib/thumb/v7e-m+dp/hard\libc_nano.a(libc_a-mlock.o)
                0x08009060                __malloc_lock
 .text.__malloc_unlock
                0x0800906c        0xc C:/ST/STM32CubeIDE_1.16.0/STM32CubeIDE/plugins/com.st.stm32cube.ide.mcu.externaltools.gnu-tools-for-stm32.12.3.rel1.win32_1.1.0.202410251130/tools/bin/../lib/gcc/arm-none-eabi/12.3.1/../../../../arm-none-eabi/lib/thumb/v7e-m+dp/hard\libc_nano.a(libc_a-mlock.o)
                0x0800906c                __malloc_unlock
 .text.std      0x08009078       0x6c C:/ST/STM32CubeIDE_1.16.0/STM32CubeIDE/plugins/com.st.stm32cube.ide.mcu.externaltools.gnu-tools-for-stm32.12.3.rel1.win32_1.1.0.202410251130/tools/bin/../lib/gcc/arm-none-eabi/12.3.1/../../../../arm-none-eabi/lib/thumb/v7e-m+dp/hard\libc_nano.a(libc_a-findfp.o)
 .text.stdio_exit_handler
                0x080090e4       0x18 C:/ST/STM32CubeIDE_1.16.0/STM32CubeIDE/plugins/com.st.stm32cube.ide.mcu.externaltools.gnu-tools-for-stm32.12.3.rel1.win32_1.1.0.202410251130/tools/bin/../lib/gcc/arm-none-eabi/12.3.1/../../../../arm-none-eabi/lib/thumb/v7e-m+dp/hard\libc_nano.a(libc_a-findfp.o)
 .text.cleanup_stdio
                0x080090fc       0x40 C:/ST/STM32CubeIDE_1.16.0/STM32CubeIDE/plugins/com.st.stm32cube.ide.mcu.externaltools.gnu-tools-for-stm32.12.3.rel1.win32_1.1.0.202410251130/tools/bin/../lib/gcc/arm-none-eabi/12.3.1/../../../../arm-none-eabi/lib/thumb/v7e-m+dp/hard\libc_nano.a(libc_a-findfp.o)
 .text.global_stdio_init.part.0
                0x0800913c       0x3c C:/ST/STM32CubeIDE_1.16.0/STM32CubeIDE/plugins/com.st.stm32cube.ide.mcu.externaltools.gnu-tools-for-stm32.12.3.rel1.win32_1.1.0.202410251130/tools/bin/../lib/gcc/arm-none-eabi/12.3.1/../../../../arm-none-eabi/lib/thumb/v7e-m+dp/hard\libc_nano.a(libc_a-findfp.o)
 .text.__sfp_lock_acquire
                0x08009178        0xc C:/ST/STM32CubeIDE_1.16.0/STM32CubeIDE/plugins/com.st.stm32cube.ide.mcu.externaltools.gnu-tools-for-stm32.12.3.rel1.win32_1.1.0.202410251130/tools/bin/../lib/gcc/arm-none-eabi/12.3.1/../../../../arm-none-eabi/lib/thumb/v7e-m+dp/hard\libc_nano.a(libc_a-findfp.o)
                0x08009178                __sfp_lock_acquire
 .text.__sfp_lock_release
                0x08009184        0xc C:/ST/STM32CubeIDE_1.16.0/STM32CubeIDE/plugins/com.st.stm32cube.ide.mcu.externaltools.gnu-tools-for-stm32.12.3.rel1.win32_1.1.0.202410251130/tools/bin/../lib/gcc/arm-none-eabi/12.3.1/../../../../arm-none-eabi/lib/thumb/v7e-m+dp/hard\libc_nano.a(libc_a-findfp.o)
                0x08009184                __sfp_lock_release
 .text.__sinit  0x08009190       0x30 C:/ST/STM32CubeIDE_1.16.0/STM32CubeIDE/plugins/com.st.stm32cube.ide.mcu.externaltools.gnu-tools-for-stm32.12.3.rel1.win32_1.1.0.202410251130/tools/bin/../lib/gcc/arm-none-eabi/12.3.1/../../../../arm-none-eabi/lib/thumb/v7e-m+dp/hard\libc_nano.a(libc_a-findfp.o)
                0x08009190                __sinit
 .text._fwalk_sglue
                0x080091c0       0x3c C:/ST/STM32CubeIDE_1.16.0/STM32CubeIDE/plugins/com.st.stm32cube.ide.mcu.externaltools.gnu-tools-for-stm32.12.3.rel1.win32_1.1.0.202410251130/tools/bin/../lib/gcc/arm-none-eabi/12.3.1/../../../../arm-none-eabi/lib/thumb/v7e-m+dp/hard\libc_nano.a(libc_a-fwalk.o)
                0x080091c0                _fwalk_sglue
 .text.printf   0x080091fc       0x24 C:/ST/STM32CubeIDE_1.16.0/STM32CubeIDE/plugins/com.st.stm32cube.ide.mcu.externaltools.gnu-tools-for-stm32.12.3.rel1.win32_1.1.0.202410251130/tools/bin/../lib/gcc/arm-none-eabi/12.3.1/../../../../arm-none-eabi/lib/thumb/v7e-m+dp/hard\libc_nano.a(libc_a-printf.o)
                0x080091fc                iprintf
                0x080091fc                printf
 .text._puts_r  0x08009220       0xaa C:/ST/STM32CubeIDE_1.16.0/STM32CubeIDE/plugins/com.st.stm32cube.ide.mcu.externaltools.gnu-tools-for-stm32.12.3.rel1.win32_1.1.0.202410251130/tools/bin/../lib/gcc/arm-none-eabi/12.3.1/../../../../arm-none-eabi/lib/thumb/v7e-m+dp/hard\libc_nano.a(libc_a-puts.o)
                0x08009220                _puts_r
 *fill*         0x080092ca        0x2 
 .text.puts     0x080092cc       0x10 C:/ST/STM32CubeIDE_1.16.0/STM32CubeIDE/plugins/com.st.stm32cube.ide.mcu.externaltools.gnu-tools-for-stm32.12.3.rel1.win32_1.1.0.202410251130/tools/bin/../lib/gcc/arm-none-eabi/12.3.1/../../../../arm-none-eabi/lib/thumb/v7e-m+dp/hard\libc_nano.a(libc_a-puts.o)
                0x080092cc                puts
 .text.__sread  0x080092dc       0x22 C:/ST/STM32CubeIDE_1.16.0/STM32CubeIDE/plugins/com.st.stm32cube.ide.mcu.externaltools.gnu-tools-for-stm32.12.3.rel1.win32_1.1.0.202410251130/tools/bin/../lib/gcc/arm-none-eabi/12.3.1/../../../../arm-none-eabi/lib/thumb/v7e-m+dp/hard\libc_nano.a(libc_a-stdio.o)
                0x080092dc                __sread
 .text.__swrite
                0x080092fe       0x38 C:/ST/STM32CubeIDE_1.16.0/STM32CubeIDE/plugins/com.st.stm32cube.ide.mcu.externaltools.gnu-tools-for-stm32.12.3.rel1.win32_1.1.0.202410251130/tools/bin/../lib/gcc/arm-none-eabi/12.3.1/../../../../arm-none-eabi/lib/thumb/v7e-m+dp/hard\libc_nano.a(libc_a-stdio.o)
                0x080092fe                __swrite
 .text.__sseek  0x08009336       0x24 C:/ST/STM32CubeIDE_1.16.0/STM32CubeIDE/plugins/com.st.stm32cube.ide.mcu.externaltools.gnu-tools-for-stm32.12.3.rel1.win32_1.1.0.202410251130/tools/bin/../lib/gcc/arm-none-eabi/12.3.1/../../../../arm-none-eabi/lib/thumb/v7e-m+dp/hard\libc_nano.a(libc_a-stdio.o)
                0x08009336                __sseek
 .text.__sclose
                0x0800935a        0x8 C:/ST/STM32CubeIDE_1.16.0/STM32CubeIDE/plugins/com.st.stm32cube.ide.mcu.externaltools.gnu-tools-for-stm32.12.3.rel1.win32_1.1.0.202410251130/tools/bin/../lib/gcc/arm-none-eabi/12.3.1/../../../../arm-none-eabi/lib/thumb/v7e-m+dp/hard\libc_nano.a(libc_a-stdio.o)
                0x0800935a                __sclose
 .text.__swbuf_r
                0x08009362       0x7c C:/ST/STM32CubeIDE_1.16.0/STM32CubeIDE/plugins/com.st.stm32cube.ide.mcu.externaltools.gnu-tools-for-stm32.12.3.rel1.win32_1.1.0.202410251130/tools/bin/../lib/gcc/arm-none-eabi/12.3.1/../../../../arm-none-eabi/lib/thumb/v7e-m+dp/hard\libc_nano.a(libc_a-wbuf.o)
                0x08009362                __swbuf_r
 *fill*         0x080093de        0x2 
 .text.__swsetup_r
                0x080093e0       0xac C:/ST/STM32CubeIDE_1.16.0/STM32CubeIDE/plugins/com.st.stm32cube.ide.mcu.externaltools.gnu-tools-for-stm32.12.3.rel1.win32_1.1.0.202410251130/tools/bin/../lib/gcc/arm-none-eabi/12.3.1/../../../../arm-none-eabi/lib/thumb/v7e-m+dp/hard\libc_nano.a(libc_a-wsetup.o)
                0x080093e0                __swsetup_r
 .text.memset   0x0800948c       0x10 C:/ST/STM32CubeIDE_1.16.0/STM32CubeIDE/plugins/com.st.stm32cube.ide.mcu.externaltools.gnu-tools-for-stm32.12.3.rel1.win32_1.1.0.202410251130/tools/bin/../lib/gcc/arm-none-eabi/12.3.1/../../../../arm-none-eabi/lib/thumb/v7e-m+dp/hard\libc_nano.a(libc_a-memset.o)
                0x0800948c                memset
 .text._close_r
                0x0800949c       0x20 C:/ST/STM32CubeIDE_1.16.0/STM32CubeIDE/plugins/com.st.stm32cube.ide.mcu.externaltools.gnu-tools-for-stm32.12.3.rel1.win32_1.1.0.202410251130/tools/bin/../lib/gcc/arm-none-eabi/12.3.1/../../../../arm-none-eabi/lib/thumb/v7e-m+dp/hard\libc_nano.a(libc_a-closer.o)
                0x0800949c                _close_r
 .text._lseek_r
                0x080094bc       0x24 C:/ST/STM32CubeIDE_1.16.0/STM32CubeIDE/plugins/com.st.stm32cube.ide.mcu.externaltools.gnu-tools-for-stm32.12.3.rel1.win32_1.1.0.202410251130/tools/bin/../lib/gcc/arm-none-eabi/12.3.1/../../../../arm-none-eabi/lib/thumb/v7e-m+dp/hard\libc_nano.a(libc_a-lseekr.o)
                0x080094bc                _lseek_r
 .text._read_r  0x080094e0       0x24 C:/ST/STM32CubeIDE_1.16.0/STM32CubeIDE/plugins/com.st.stm32cube.ide.mcu.externaltools.gnu-tools-for-stm32.12.3.rel1.win32_1.1.0.202410251130/tools/bin/../lib/gcc/arm-none-eabi/12.3.1/../../../../arm-none-eabi/lib/thumb/v7e-m+dp/hard\libc_nano.a(libc_a-readr.o)
                0x080094e0                _read_r
 .text._sbrk_r  0x08009504       0x20 C:/ST/STM32CubeIDE_1.16.0/STM32CubeIDE/plugins/com.st.stm32cube.ide.mcu.externaltools.gnu-tools-for-stm32.12.3.rel1.win32_1.1.0.202410251130/tools/bin/../lib/gcc/arm-none-eabi/12.3.1/../../../../arm-none-eabi/lib/thumb/v7e-m+dp/hard\libc_nano.a(libc_a-sbrkr.o)
                0x08009504                _sbrk_r
 .text._write_r
                0x08009524       0x24 C:/ST/STM32CubeIDE_1.16.0/STM32CubeIDE/plugins/com.st.stm32cube.ide.mcu.externaltools.gnu-tools-for-stm32.12.3.rel1.win32_1.1.0.202410251130/tools/bin/../lib/gcc/arm-none-eabi/12.3.1/../../../../arm-none-eabi/lib/thumb/v7e-m+dp/hard\libc_nano.a(libc_a-writer.o)
                0x08009524                _write_r
 .text.__errno  0x08009548        0xc C:/ST/STM32CubeIDE_1.16.0/STM32CubeIDE/plugins/com.st.stm32cube.ide.mcu.externaltools.gnu-tools-for-stm32.12.3.rel1.win32_1.1.0.202410251130/tools/bin/../lib/gcc/arm-none-eabi/12.3.1/../../../../arm-none-eabi/lib/thumb/v7e-m+dp/hard\libc_nano.a(libc_a-errno.o)
                0x08009548                __errno
 .text.__libc_init_array
                0x08009554       0x48 C:/ST/STM32CubeIDE_1.16.0/STM32CubeIDE/plugins/com.st.stm32cube.ide.mcu.externaltools.gnu-tools-for-stm32.12.3.rel1.win32_1.1.0.202410251130/tools/bin/../lib/gcc/arm-none-eabi/12.3.1/../../../../arm-none-eabi/lib/thumb/v7e-m+dp/hard\libc_nano.a(libc_a-init.o)
                0x08009554                __libc_init_array
 .text.__retarget_lock_init_recursive
                0x0800959c        0x2 C:/ST/STM32CubeIDE_1.16.0/STM32CubeIDE/plugins/com.st.stm32cube.ide.mcu.externaltools.gnu-tools-for-stm32.12.3.rel1.win32_1.1.0.202410251130/tools/bin/../lib/gcc/arm-none-eabi/12.3.1/../../../../arm-none-eabi/lib/thumb/v7e-m+dp/hard\libc_nano.a(libc_a-lock.o)
                0x0800959c                __retarget_lock_init_recursive
 .text.__retarget_lock_acquire_recursive
                0x0800959e        0x2 C:/ST/STM32CubeIDE_1.16.0/STM32CubeIDE/plugins/com.st.stm32cube.ide.mcu.externaltools.gnu-tools-for-stm32.12.3.rel1.win32_1.1.0.202410251130/tools/bin/../lib/gcc/arm-none-eabi/12.3.1/../../../../arm-none-eabi/lib/thumb/v7e-m+dp/hard\libc_nano.a(libc_a-lock.o)
                0x0800959e                __retarget_lock_acquire_recursive
 .text.__retarget_lock_release_recursive
                0x080095a0        0x2 C:/ST/STM32CubeIDE_1.16.0/STM32CubeIDE/plugins/com.st.stm32cube.ide.mcu.externaltools.gnu-tools-for-stm32.12.3.rel1.win32_1.1.0.202410251130/tools/bin/../lib/gcc/arm-none-eabi/12.3.1/../../../../arm-none-eabi/lib/thumb/v7e-m+dp/hard\libc_nano.a(libc_a-lock.o)
                0x080095a0                __retarget_lock_release_recursive
 *fill*         0x080095a2        0x2 
 .text._free_r  0x080095a4       0x94 C:/ST/STM32CubeIDE_1.16.0/STM32CubeIDE/plugins/com.st.stm32cube.ide.mcu.externaltools.gnu-tools-for-stm32.12.3.rel1.win32_1.1.0.202410251130/tools/bin/../lib/gcc/arm-none-eabi/12.3.1/../../../../arm-none-eabi/lib/thumb/v7e-m+dp/hard\libc_nano.a(libc_a-freer.o)
                0x080095a4                _free_r
 .text.__sfputc_r
                0x08009638       0x2e C:/ST/STM32CubeIDE_1.16.0/STM32CubeIDE/plugins/com.st.stm32cube.ide.mcu.externaltools.gnu-tools-for-stm32.12.3.rel1.win32_1.1.0.202410251130/tools/bin/../lib/gcc/arm-none-eabi/12.3.1/../../../../arm-none-eabi/lib/thumb/v7e-m+dp/hard\libc_nano.a(libc_a-nano-vfprintf.o)
 .text.__sfputs_r
                0x08009666       0x24 C:/ST/STM32CubeIDE_1.16.0/STM32CubeIDE/plugins/com.st.stm32cube.ide.mcu.externaltools.gnu-tools-for-stm32.12.3.rel1.win32_1.1.0.202410251130/tools/bin/../lib/gcc/arm-none-eabi/12.3.1/../../../../arm-none-eabi/lib/thumb/v7e-m+dp/hard\libc_nano.a(libc_a-nano-vfprintf.o)
                0x08009666                __sfputs_r
 *fill*         0x0800968a        0x2 
 .text._vfprintf_r
                0x0800968c      0x230 C:/ST/STM32CubeIDE_1.16.0/STM32CubeIDE/plugins/com.st.stm32cube.ide.mcu.externaltools.gnu-tools-for-stm32.12.3.rel1.win32_1.1.0.202410251130/tools/bin/../lib/gcc/arm-none-eabi/12.3.1/../../../../arm-none-eabi/lib/thumb/v7e-m+dp/hard\libc_nano.a(libc_a-nano-vfprintf.o)
                0x0800968c                _vfprintf_r
                0x0800968c                _vfiprintf_r
 .text._printf_common
                0x080098bc       0xda C:/ST/STM32CubeIDE_1.16.0/STM32CubeIDE/plugins/com.st.stm32cube.ide.mcu.externaltools.gnu-tools-for-stm32.12.3.rel1.win32_1.1.0.202410251130/tools/bin/../lib/gcc/arm-none-eabi/12.3.1/../../../../arm-none-eabi/lib/thumb/v7e-m+dp/hard\libc_nano.a(libc_a-nano-vfprintf_i.o)
                0x080098bc                _printf_common
 *fill*         0x08009996        0x2 
 .text._printf_i
                0x08009998      0x240 C:/ST/STM32CubeIDE_1.16.0/STM32CubeIDE/plugins/com.st.stm32cube.ide.mcu.externaltools.gnu-tools-for-stm32.12.3.rel1.win32_1.1.0.202410251130/tools/bin/../lib/gcc/arm-none-eabi/12.3.1/../../../../arm-none-eabi/lib/thumb/v7e-m+dp/hard\libc_nano.a(libc_a-nano-vfprintf_i.o)
                0x08009998                _printf_i
 .text.__sflush_r
                0x08009bd8      0x108 C:/ST/STM32CubeIDE_1.16.0/STM32CubeIDE/plugins/com.st.stm32cube.ide.mcu.externaltools.gnu-tools-for-stm32.12.3.rel1.win32_1.1.0.202410251130/tools/bin/../lib/gcc/arm-none-eabi/12.3.1/../../../../arm-none-eabi/lib/thumb/v7e-m+dp/hard\libc_nano.a(libc_a-fflush.o)
                0x08009bd8                __sflush_r
 .text._fflush_r
                0x08009ce0       0x50 C:/ST/STM32CubeIDE_1.16.0/STM32CubeIDE/plugins/com.st.stm32cube.ide.mcu.externaltools.gnu-tools-for-stm32.12.3.rel1.win32_1.1.0.202410251130/tools/bin/../lib/gcc/arm-none-eabi/12.3.1/../../../../arm-none-eabi/lib/thumb/v7e-m+dp/hard\libc_nano.a(libc_a-fflush.o)
                0x08009ce0                _fflush_r
 .text.__swhatbuf_r
                0x08009d30       0x4c C:/ST/STM32CubeIDE_1.16.0/STM32CubeIDE/plugins/com.st.stm32cube.ide.mcu.externaltools.gnu-tools-for-stm32.12.3.rel1.win32_1.1.0.202410251130/tools/bin/../lib/gcc/arm-none-eabi/12.3.1/../../../../arm-none-eabi/lib/thumb/v7e-m+dp/hard\libc_nano.a(libc_a-makebuf.o)
                0x08009d30                __swhatbuf_r
 .text.__smakebuf_r
                0x08009d7c       0x78 C:/ST/STM32CubeIDE_1.16.0/STM32CubeIDE/plugins/com.st.stm32cube.ide.mcu.externaltools.gnu-tools-for-stm32.12.3.rel1.win32_1.1.0.202410251130/tools/bin/../lib/gcc/arm-none-eabi/12.3.1/../../../../arm-none-eabi/lib/thumb/v7e-m+dp/hard\libc_nano.a(libc_a-makebuf.o)
                0x08009d7c                __smakebuf_r
 .text._fstat_r
                0x08009df4       0x24 C:/ST/STM32CubeIDE_1.16.0/STM32CubeIDE/plugins/com.st.stm32cube.ide.mcu.externaltools.gnu-tools-for-stm32.12.3.rel1.win32_1.1.0.202410251130/tools/bin/../lib/gcc/arm-none-eabi/12.3.1/../../../../arm-none-eabi/lib/thumb/v7e-m+dp/hard\libc_nano.a(libc_a-fstatr.o)
                0x08009df4                _fstat_r
 .text._isatty_r
                0x08009e18       0x20 C:/ST/STM32CubeIDE_1.16.0/STM32CubeIDE/plugins/com.st.stm32cube.ide.mcu.externaltools.gnu-tools-for-stm32.12.3.rel1.win32_1.1.0.202410251130/tools/bin/../lib/gcc/arm-none-eabi/12.3.1/../../../../arm-none-eabi/lib/thumb/v7e-m+dp/hard\libc_nano.a(libc_a-isattyr.o)
                0x08009e18                _isatty_r
 *(.glue_7)
 .glue_7        0x08009e38        0x0 linker stubs
 *(.glue_7t)
 .glue_7t       0x08009e38        0x0 linker stubs
 *(.eh_frame)
 .eh_frame      0x08009e38        0x0 C:/ST/STM32CubeIDE_1.16.0/STM32CubeIDE/plugins/com.st.stm32cube.ide.mcu.externaltools.gnu-tools-for-stm32.12.3.rel1.win32_1.1.0.202410251130/tools/bin/../lib/gcc/arm-none-eabi/12.3.1/thumb/v7e-m+dp/hard/crtbegin.o
 *(.init)
 .init          0x08009e38        0x4 C:/ST/STM32CubeIDE_1.16.0/STM32CubeIDE/plugins/com.st.stm32cube.ide.mcu.externaltools.gnu-tools-for-stm32.12.3.rel1.win32_1.1.0.202410251130/tools/bin/../lib/gcc/arm-none-eabi/12.3.1/thumb/v7e-m+dp/hard/crti.o
                0x08009e38                _init
 .init          0x08009e3c        0x8 C:/ST/STM32CubeIDE_1.16.0/STM32CubeIDE/plugins/com.st.stm32cube.ide.mcu.externaltools.gnu-tools-for-stm32.12.3.rel1.win32_1.1.0.202410251130/tools/bin/../lib/gcc/arm-none-eabi/12.3.1/thumb/v7e-m+dp/hard/crtn.o
 *(.fini)
 .fini          0x08009e44        0x4 C:/ST/STM32CubeIDE_1.16.0/STM32CubeIDE/plugins/com.st.stm32cube.ide.mcu.externaltools.gnu-tools-for-stm32.12.3.rel1.win32_1.1.0.202410251130/tools/bin/../lib/gcc/arm-none-eabi/12.3.1/thumb/v7e-m+dp/hard/crti.o
                0x08009e44                _fini
 .fini          0x08009e48        0x8 C:/ST/STM32CubeIDE_1.16.0/STM32CubeIDE/plugins/com.st.stm32cube.ide.mcu.externaltools.gnu-tools-for-stm32.12.3.rel1.win32_1.1.0.202410251130/tools/bin/../lib/gcc/arm-none-eabi/12.3.1/thumb/v7e-m+dp/hard/crtn.o
                0x08009e50                        . = ALIGN (0x4)
                0x08009e50                        _etext = .

.vfp11_veneer   0x08009e50        0x0
 .vfp11_veneer  0x08009e50        0x0 linker stubs

.v4_bx          0x08009e50        0x0
 .v4_bx         0x08009e50        0x0 linker stubs

.iplt           0x08009e50        0x0
 .iplt          0x08009e50        0x0 C:/ST/STM32CubeIDE_1.16.0/STM32CubeIDE/plugins/com.st.stm32cube.ide.mcu.externaltools.gnu-tools-for-stm32.12.3.rel1.win32_1.1.0.202410251130/tools/bin/../lib/gcc/arm-none-eabi/12.3.1/thumb/v7e-m+dp/hard/crtbegin.o

.rodata         0x08009e50     0xb258
                0x08009e50                        . = ALIGN (0x4)
 *(.rodata)
 .rodata        0x08009e50       0x37 ./Core/Src/EPD_4in2_V2.o
 *fill*         0x08009e87        0x1 
 .rodata        0x08009e88      0x356 ./Core/Src/GUI_Paint.o
 *fill*         0x0800a1de        0x2 
 .rodata        0x0800a1e0      0x1b5 ./Core/Src/main.o
 *(.rodata*)
 *fill*         0x0800a395        0x3 
 .rodata.LUT_ALL
                0x0800a398       0xe9 ./Core/Src/EPD_4in2_V2.o
                0x0800a398                LUT_ALL
 *fill*         0x0800a481        0x3 
 .rodata.gImage_4in2_4Gray
                0x0800a484     0x7530 ./Core/Src/ImageData.o
                0x0800a484                gImage_4in2_4Gray
 .rodata.Font12_Table
                0x080119b4      0x474 ./Core/Src/font12.o
                0x080119b4                Font12_Table
 .rodata.Font12CN_Table
                0x08011e28      0x5d6 ./Core/Src/font12CN.o
                0x08011e28                Font12CN_Table
 *fill*         0x080123fe        0x2 
 .rodata.Font16_Table
                0x08012400      0xbe0 ./Core/Src/font16.o
                0x08012400                Font16_Table
 .rodata.Font20_Table
                0x08012fe0      0xed8 ./Core/Src/font20.o
                0x08012fe0                Font20_Table
 .rodata.Font24CN_Table
                0x08013eb8     0x1182 ./Core/Src/font24CN.o
                0x08013eb8                Font24CN_Table
 *fill*         0x0801503a        0x2 
 .rodata.D1CorePrescTable
                0x0801503c       0x10 ./Core/Src/system_stm32h7xx.o
                0x0801503c                D1CorePrescTable
 .rodata.UARTPrescTable
                0x0801504c       0x18 ./Drivers/STM32H7xx_HAL_Driver/Src/stm32h7xx_hal_uart.o
                0x0801504c                UARTPrescTable
 .rodata.numerator.1
                0x08015064        0x8 ./Drivers/STM32H7xx_HAL_Driver/Src/stm32h7xx_hal_uart_ex.o
 .rodata.denominator.0
                0x0801506c        0x8 ./Drivers/STM32H7xx_HAL_Driver/Src/stm32h7xx_hal_uart_ex.o
 .rodata._vfprintf_r.str1.1
                0x08015074       0x11 C:/ST/STM32CubeIDE_1.16.0/STM32CubeIDE/plugins/com.st.stm32cube.ide.mcu.externaltools.gnu-tools-for-stm32.12.3.rel1.win32_1.1.0.202410251130/tools/bin/../lib/gcc/arm-none-eabi/12.3.1/../../../../arm-none-eabi/lib/thumb/v7e-m+dp/hard\libc_nano.a(libc_a-nano-vfprintf.o)
 .rodata._printf_i.str1.1
                0x08015085       0x22 C:/ST/STM32CubeIDE_1.16.0/STM32CubeIDE/plugins/com.st.stm32cube.ide.mcu.externaltools.gnu-tools-for-stm32.12.3.rel1.win32_1.1.0.202410251130/tools/bin/../lib/gcc/arm-none-eabi/12.3.1/../../../../arm-none-eabi/lib/thumb/v7e-m+dp/hard\libc_nano.a(libc_a-nano-vfprintf_i.o)
                0x080150a8                        . = ALIGN (0x4)
 *fill*         0x080150a7        0x1 

.ARM.extab
 *(.ARM.extab* .gnu.linkonce.armextab.*)

.ARM            0x080150a8        0x8
                0x080150a8                        __exidx_start = .
 *(.ARM.exidx*)
 .ARM.exidx     0x080150a8        0x8 C:/ST/STM32CubeIDE_1.16.0/STM32CubeIDE/plugins/com.st.stm32cube.ide.mcu.externaltools.gnu-tools-for-stm32.12.3.rel1.win32_1.1.0.202410251130/tools/bin/../lib/gcc/arm-none-eabi/12.3.1/../../../../arm-none-eabi/lib/thumb/v7e-m+dp/hard\libc_nano.a(libc_a-memchr.o)
 .ARM.exidx     0x080150b0        0x0 C:/ST/STM32CubeIDE_1.16.0/STM32CubeIDE/plugins/com.st.stm32cube.ide.mcu.externaltools.gnu-tools-for-stm32.12.3.rel1.win32_1.1.0.202410251130/tools/bin/../lib/gcc/arm-none-eabi/12.3.1/thumb/v7e-m+dp/hard\libgcc.a(_udivmoddi4.o)
                                  0x8 (size before relaxing)
                0x080150b0                        __exidx_end = .

.preinit_array  0x080150b0        0x0
                0x080150b0                        PROVIDE (__preinit_array_start = .)
 *(.preinit_array*)
                0x080150b0                        PROVIDE (__preinit_array_end = .)

.init_array     0x080150b0        0x4
                0x080150b0                        PROVIDE (__init_array_start = .)
 *(SORT_BY_NAME(.init_array.*))
 *(.init_array*)
 .init_array    0x080150b0        0x4 C:/ST/STM32CubeIDE_1.16.0/STM32CubeIDE/plugins/com.st.stm32cube.ide.mcu.externaltools.gnu-tools-for-stm32.12.3.rel1.win32_1.1.0.202410251130/tools/bin/../lib/gcc/arm-none-eabi/12.3.1/thumb/v7e-m+dp/hard/crtbegin.o
                0x080150b4                        PROVIDE (__init_array_end = .)

.fini_array     0x080150b4        0x4
                [!provide]                        PROVIDE (__fini_array_start = .)
 *(SORT_BY_NAME(.fini_array.*))
 *(.fini_array*)
 .fini_array    0x080150b4        0x4 C:/ST/STM32CubeIDE_1.16.0/STM32CubeIDE/plugins/com.st.stm32cube.ide.mcu.externaltools.gnu-tools-for-stm32.12.3.rel1.win32_1.1.0.202410251130/tools/bin/../lib/gcc/arm-none-eabi/12.3.1/thumb/v7e-m+dp/hard/crtbegin.o
                [!provide]                        PROVIDE (__fini_array_end = .)
                0x080150b8                        _sidata = LOADADDR (.data)

.rel.dyn        0x080150b8        0x0
 .rel.iplt      0x080150b8        0x0 C:/ST/STM32CubeIDE_1.16.0/STM32CubeIDE/plugins/com.st.stm32cube.ide.mcu.externaltools.gnu-tools-for-stm32.12.3.rel1.win32_1.1.0.202410251130/tools/bin/../lib/gcc/arm-none-eabi/12.3.1/thumb/v7e-m+dp/hard/crtbegin.o

.data           0x24000000       0x9c load address 0x080150b8
                0x24000000                        . = ALIGN (0x4)
                0x24000000                        _sdata = .
 *(.data)
 *(.data*)
 .data.Font12   0x24000000        0x8 ./Core/Src/font12.o
                0x24000000                Font12
 .data.Font12CN
                0x24000008        0xc ./Core/Src/font12CN.o
                0x24000008                Font12CN
 .data.Font16   0x24000014        0x8 ./Core/Src/font16.o
                0x24000014                Font16
 .data.Font20   0x2400001c        0x8 ./Core/Src/font20.o
                0x2400001c                Font20
 .data.Font24CN
                0x24000024        0xc ./Core/Src/font24CN.o
                0x24000024                Font24CN
 .data.SystemCoreClock
                0x24000030        0x4 ./Core/Src/system_stm32h7xx.o
                0x24000030                SystemCoreClock
 .data.SystemD2Clock
                0x24000034        0x4 ./Core/Src/system_stm32h7xx.o
                0x24000034                SystemD2Clock
 .data.uwTickPrio
                0x24000038        0x4 ./Drivers/STM32H7xx_HAL_Driver/Src/stm32h7xx_hal.o
                0x24000038                uwTickPrio
 .data.uwTickFreq
                0x2400003c        0x1 ./Drivers/STM32H7xx_HAL_Driver/Src/stm32h7xx_hal.o
                0x2400003c                uwTickFreq
 *fill*         0x2400003d        0x3 
 .data.__sglue  0x24000040        0xc C:/ST/STM32CubeIDE_1.16.0/STM32CubeIDE/plugins/com.st.stm32cube.ide.mcu.externaltools.gnu-tools-for-stm32.12.3.rel1.win32_1.1.0.202410251130/tools/bin/../lib/gcc/arm-none-eabi/12.3.1/../../../../arm-none-eabi/lib/thumb/v7e-m+dp/hard\libc_nano.a(libc_a-findfp.o)
                0x24000040                __sglue
 .data._impure_ptr
                0x2400004c        0x4 C:/ST/STM32CubeIDE_1.16.0/STM32CubeIDE/plugins/com.st.stm32cube.ide.mcu.externaltools.gnu-tools-for-stm32.12.3.rel1.win32_1.1.0.202410251130/tools/bin/../lib/gcc/arm-none-eabi/12.3.1/../../../../arm-none-eabi/lib/thumb/v7e-m+dp/hard\libc_nano.a(libc_a-impure.o)
                0x2400004c                _impure_ptr
 .data._impure_data
                0x24000050       0x4c C:/ST/STM32CubeIDE_1.16.0/STM32CubeIDE/plugins/com.st.stm32cube.ide.mcu.externaltools.gnu-tools-for-stm32.12.3.rel1.win32_1.1.0.202410251130/tools/bin/../lib/gcc/arm-none-eabi/12.3.1/../../../../arm-none-eabi/lib/thumb/v7e-m+dp/hard\libc_nano.a(libc_a-impure.o)
                0x24000050                _impure_data
 *(.RamFunc)
 *(.RamFunc*)
                0x2400009c                        . = ALIGN (0x4)
                0x2400009c                        _edata = .

.igot.plt       0x2400009c        0x0 load address 0x08015154
 .igot.plt      0x2400009c        0x0 C:/ST/STM32CubeIDE_1.16.0/STM32CubeIDE/plugins/com.st.stm32cube.ide.mcu.externaltools.gnu-tools-for-stm32.12.3.rel1.win32_1.1.0.202410251130/tools/bin/../lib/gcc/arm-none-eabi/12.3.1/thumb/v7e-m+dp/hard/crtbegin.o
                0x2400009c                        . = ALIGN (0x4)

.bss            0x2400009c      0x2f0 load address 0x08015154
                0x2400009c                        _sbss = .
                0x2400009c                        __bss_start__ = _sbss
 *(.bss)
 .bss           0x2400009c       0x1c C:/ST/STM32CubeIDE_1.16.0/STM32CubeIDE/plugins/com.st.stm32cube.ide.mcu.externaltools.gnu-tools-for-stm32.12.3.rel1.win32_1.1.0.202410251130/tools/bin/../lib/gcc/arm-none-eabi/12.3.1/thumb/v7e-m+dp/hard/crtbegin.o
 *(.bss*)
 .bss.Paint     0x240000b8       0x18 ./Core/Src/GUI_Paint.o
                0x240000b8                Paint
 .bss.hspi2     0x240000d0       0x88 ./Core/Src/main.o
                0x240000d0                hspi2
 .bss.htim8     0x24000158       0x4c ./Core/Src/main.o
                0x24000158                htim8
 .bss.huart4    0x240001a4       0x94 ./Core/Src/main.o
                0x240001a4                huart4
 .bss.__sbrk_heap_end
                0x24000238        0x4 ./Core/Src/sysmem.o
 .bss.uwTick    0x2400023c        0x4 ./Drivers/STM32H7xx_HAL_Driver/Src/stm32h7xx_hal.o
                0x2400023c                uwTick
 .bss.__malloc_sbrk_start
                0x24000240        0x4 C:/ST/STM32CubeIDE_1.16.0/STM32CubeIDE/plugins/com.st.stm32cube.ide.mcu.externaltools.gnu-tools-for-stm32.12.3.rel1.win32_1.1.0.202410251130/tools/bin/../lib/gcc/arm-none-eabi/12.3.1/../../../../arm-none-eabi/lib/thumb/v7e-m+dp/hard\libc_nano.a(libc_a-mallocr.o)
                0x24000240                __malloc_sbrk_start
 .bss.__malloc_free_list
                0x24000244        0x4 C:/ST/STM32CubeIDE_1.16.0/STM32CubeIDE/plugins/com.st.stm32cube.ide.mcu.externaltools.gnu-tools-for-stm32.12.3.rel1.win32_1.1.0.202410251130/tools/bin/../lib/gcc/arm-none-eabi/12.3.1/../../../../arm-none-eabi/lib/thumb/v7e-m+dp/hard\libc_nano.a(libc_a-mallocr.o)
                0x24000244                __malloc_free_list
 .bss.__sf      0x24000248      0x138 C:/ST/STM32CubeIDE_1.16.0/STM32CubeIDE/plugins/com.st.stm32cube.ide.mcu.externaltools.gnu-tools-for-stm32.12.3.rel1.win32_1.1.0.202410251130/tools/bin/../lib/gcc/arm-none-eabi/12.3.1/../../../../arm-none-eabi/lib/thumb/v7e-m+dp/hard\libc_nano.a(libc_a-findfp.o)
                0x24000248                __sf
 .bss.__stdio_exit_handler
                0x24000380        0x4 C:/ST/STM32CubeIDE_1.16.0/STM32CubeIDE/plugins/com.st.stm32cube.ide.mcu.externaltools.gnu-tools-for-stm32.12.3.rel1.win32_1.1.0.202410251130/tools/bin/../lib/gcc/arm-none-eabi/12.3.1/../../../../arm-none-eabi/lib/thumb/v7e-m+dp/hard\libc_nano.a(libc_a-findfp.o)
                0x24000380                __stdio_exit_handler
 .bss.errno     0x24000384        0x4 C:/ST/STM32CubeIDE_1.16.0/STM32CubeIDE/plugins/com.st.stm32cube.ide.mcu.externaltools.gnu-tools-for-stm32.12.3.rel1.win32_1.1.0.202410251130/tools/bin/../lib/gcc/arm-none-eabi/12.3.1/../../../../arm-none-eabi/lib/thumb/v7e-m+dp/hard\libc_nano.a(libc_a-reent.o)
                0x24000384                errno
 .bss.__lock___malloc_recursive_mutex
                0x24000388        0x1 C:/ST/STM32CubeIDE_1.16.0/STM32CubeIDE/plugins/com.st.stm32cube.ide.mcu.externaltools.gnu-tools-for-stm32.12.3.rel1.win32_1.1.0.202410251130/tools/bin/../lib/gcc/arm-none-eabi/12.3.1/../../../../arm-none-eabi/lib/thumb/v7e-m+dp/hard\libc_nano.a(libc_a-lock.o)
                0x24000388                __lock___malloc_recursive_mutex
 .bss.__lock___sfp_recursive_mutex
                0x24000389        0x1 C:/ST/STM32CubeIDE_1.16.0/STM32CubeIDE/plugins/com.st.stm32cube.ide.mcu.externaltools.gnu-tools-for-stm32.12.3.rel1.win32_1.1.0.202410251130/tools/bin/../lib/gcc/arm-none-eabi/12.3.1/../../../../arm-none-eabi/lib/thumb/v7e-m+dp/hard\libc_nano.a(libc_a-lock.o)
                0x24000389                __lock___sfp_recursive_mutex
 *(COMMON)
                0x2400038c                        . = ALIGN (0x4)
 *fill*         0x2400038a        0x2 
                0x2400038c                        _ebss = .
                0x2400038c                        __bss_end__ = _ebss

._user_heap_stack
                0x2400038c      0x604 load address 0x08015154
                0x24000390                        . = ALIGN (0x8)
 *fill*         0x2400038c        0x4 
                [!provide]                        PROVIDE (end = .)
                0x24000390                        PROVIDE (_end = .)
                0x24000590                        . = (. + _Min_Heap_Size)
 *fill*         0x24000390      0x200 
                0x24000990                        . = (. + _Min_Stack_Size)
 *fill*         0x24000590      0x400 
                0x24000990                        . = ALIGN (0x8)

/DISCARD/
 libc.a(*)
 libm.a(*)
 libgcc.a(*)

.ARM.attributes
                0x00000000       0x2e
 *(.ARM.attributes)
 .ARM.attributes
                0x00000000       0x20 C:/ST/STM32CubeIDE_1.16.0/STM32CubeIDE/plugins/com.st.stm32cube.ide.mcu.externaltools.gnu-tools-for-stm32.12.3.rel1.win32_1.1.0.202410251130/tools/bin/../lib/gcc/arm-none-eabi/12.3.1/thumb/v7e-m+dp/hard/crti.o
 .ARM.attributes
                0x00000020       0x32 C:/ST/STM32CubeIDE_1.16.0/STM32CubeIDE/plugins/com.st.stm32cube.ide.mcu.externaltools.gnu-tools-for-stm32.12.3.rel1.win32_1.1.0.202410251130/tools/bin/../lib/gcc/arm-none-eabi/12.3.1/thumb/v7e-m+dp/hard/crtbegin.o
 .ARM.attributes
                0x00000052       0x32 ./Core/Src/DEV_Config.o
 .ARM.attributes
                0x00000084       0x32 ./Core/Src/EPD_4in2_V2.o
 .ARM.attributes
                0x000000b6       0x32 ./Core/Src/GUI_Paint.o
 .ARM.attributes
                0x000000e8       0x32 ./Core/Src/ImageData.o
 .ARM.attributes
                0x0000011a       0x32 ./Core/Src/font12.o
 .ARM.attributes
                0x0000014c       0x32 ./Core/Src/font12CN.o
 .ARM.attributes
                0x0000017e       0x32 ./Core/Src/font16.o
 .ARM.attributes
                0x000001b0       0x32 ./Core/Src/font20.o
 .ARM.attributes
                0x000001e2       0x32 ./Core/Src/font24CN.o
 .ARM.attributes
                0x00000214       0x32 ./Core/Src/main.o
 .ARM.attributes
                0x00000246       0x32 ./Core/Src/stm32h7xx_hal_msp.o
 .ARM.attributes
                0x00000278       0x32 ./Core/Src/stm32h7xx_it.o
 .ARM.attributes
                0x000002aa       0x32 ./Core/Src/syscalls.o
 .ARM.attributes
                0x000002dc       0x32 ./Core/Src/sysmem.o
 .ARM.attributes
                0x0000030e       0x32 ./Core/Src/system_stm32h7xx.o
 .ARM.attributes
                0x00000340       0x21 ./Core/Startup/startup_stm32h723vgtx.o
 .ARM.attributes
                0x00000361       0x32 ./Drivers/STM32H7xx_HAL_Driver/Src/stm32h7xx_hal.o
 .ARM.attributes
                0x00000393       0x32 ./Drivers/STM32H7xx_HAL_Driver/Src/stm32h7xx_hal_cortex.o
 .ARM.attributes
                0x000003c5       0x32 ./Drivers/STM32H7xx_HAL_Driver/Src/stm32h7xx_hal_gpio.o
 .ARM.attributes
                0x000003f7       0x32 ./Drivers/STM32H7xx_HAL_Driver/Src/stm32h7xx_hal_pwr_ex.o
 .ARM.attributes
                0x00000429       0x32 ./Drivers/STM32H7xx_HAL_Driver/Src/stm32h7xx_hal_rcc.o
 .ARM.attributes
                0x0000045b       0x32 ./Drivers/STM32H7xx_HAL_Driver/Src/stm32h7xx_hal_rcc_ex.o
 .ARM.attributes
                0x0000048d       0x32 ./Drivers/STM32H7xx_HAL_Driver/Src/stm32h7xx_hal_spi.o
 .ARM.attributes
                0x000004bf       0x32 ./Drivers/STM32H7xx_HAL_Driver/Src/stm32h7xx_hal_tim.o
 .ARM.attributes
                0x000004f1       0x32 ./Drivers/STM32H7xx_HAL_Driver/Src/stm32h7xx_hal_tim_ex.o
 .ARM.attributes
                0x00000523       0x32 ./Drivers/STM32H7xx_HAL_Driver/Src/stm32h7xx_hal_uart.o
 .ARM.attributes
                0x00000555       0x32 ./Drivers/STM32H7xx_HAL_Driver/Src/stm32h7xx_hal_uart_ex.o
 .ARM.attributes
                0x00000587       0x32 C:/ST/STM32CubeIDE_1.16.0/STM32CubeIDE/plugins/com.st.stm32cube.ide.mcu.externaltools.gnu-tools-for-stm32.12.3.rel1.win32_1.1.0.202410251130/tools/bin/../lib/gcc/arm-none-eabi/12.3.1/../../../../arm-none-eabi/lib/thumb/v7e-m+dp/hard\libc_nano.a(libc_a-malloc.o)
 .ARM.attributes
                0x000005b9       0x32 C:/ST/STM32CubeIDE_1.16.0/STM32CubeIDE/plugins/com.st.stm32cube.ide.mcu.externaltools.gnu-tools-for-stm32.12.3.rel1.win32_1.1.0.202410251130/tools/bin/../lib/gcc/arm-none-eabi/12.3.1/../../../../arm-none-eabi/lib/thumb/v7e-m+dp/hard\libc_nano.a(libc_a-mallocr.o)
 .ARM.attributes
                0x000005eb       0x32 C:/ST/STM32CubeIDE_1.16.0/STM32CubeIDE/plugins/com.st.stm32cube.ide.mcu.externaltools.gnu-tools-for-stm32.12.3.rel1.win32_1.1.0.202410251130/tools/bin/../lib/gcc/arm-none-eabi/12.3.1/../../../../arm-none-eabi/lib/thumb/v7e-m+dp/hard\libc_nano.a(libc_a-mlock.o)
 .ARM.attributes
                0x0000061d       0x32 C:/ST/STM32CubeIDE_1.16.0/STM32CubeIDE/plugins/com.st.stm32cube.ide.mcu.externaltools.gnu-tools-for-stm32.12.3.rel1.win32_1.1.0.202410251130/tools/bin/../lib/gcc/arm-none-eabi/12.3.1/../../../../arm-none-eabi/lib/thumb/v7e-m+dp/hard\libc_nano.a(libc_a-findfp.o)
 .ARM.attributes
                0x0000064f       0x32 C:/ST/STM32CubeIDE_1.16.0/STM32CubeIDE/plugins/com.st.stm32cube.ide.mcu.externaltools.gnu-tools-for-stm32.12.3.rel1.win32_1.1.0.202410251130/tools/bin/../lib/gcc/arm-none-eabi/12.3.1/../../../../arm-none-eabi/lib/thumb/v7e-m+dp/hard\libc_nano.a(libc_a-fwalk.o)
 .ARM.attributes
                0x00000681       0x32 C:/ST/STM32CubeIDE_1.16.0/STM32CubeIDE/plugins/com.st.stm32cube.ide.mcu.externaltools.gnu-tools-for-stm32.12.3.rel1.win32_1.1.0.202410251130/tools/bin/../lib/gcc/arm-none-eabi/12.3.1/../../../../arm-none-eabi/lib/thumb/v7e-m+dp/hard\libc_nano.a(libc_a-printf.o)
 .ARM.attributes
                0x000006b3       0x32 C:/ST/STM32CubeIDE_1.16.0/STM32CubeIDE/plugins/com.st.stm32cube.ide.mcu.externaltools.gnu-tools-for-stm32.12.3.rel1.win32_1.1.0.202410251130/tools/bin/../lib/gcc/arm-none-eabi/12.3.1/../../../../arm-none-eabi/lib/thumb/v7e-m+dp/hard\libc_nano.a(libc_a-puts.o)
 .ARM.attributes
                0x000006e5       0x32 C:/ST/STM32CubeIDE_1.16.0/STM32CubeIDE/plugins/com.st.stm32cube.ide.mcu.externaltools.gnu-tools-for-stm32.12.3.rel1.win32_1.1.0.202410251130/tools/bin/../lib/gcc/arm-none-eabi/12.3.1/../../../../arm-none-eabi/lib/thumb/v7e-m+dp/hard\libc_nano.a(libc_a-stdio.o)
 .ARM.attributes
                0x00000717       0x32 C:/ST/STM32CubeIDE_1.16.0/STM32CubeIDE/plugins/com.st.stm32cube.ide.mcu.externaltools.gnu-tools-for-stm32.12.3.rel1.win32_1.1.0.202410251130/tools/bin/../lib/gcc/arm-none-eabi/12.3.1/../../../../arm-none-eabi/lib/thumb/v7e-m+dp/hard\libc_nano.a(libc_a-wbuf.o)
 .ARM.attributes
                0x00000749       0x32 C:/ST/STM32CubeIDE_1.16.0/STM32CubeIDE/plugins/com.st.stm32cube.ide.mcu.externaltools.gnu-tools-for-stm32.12.3.rel1.win32_1.1.0.202410251130/tools/bin/../lib/gcc/arm-none-eabi/12.3.1/../../../../arm-none-eabi/lib/thumb/v7e-m+dp/hard\libc_nano.a(libc_a-wsetup.o)
 .ARM.attributes
                0x0000077b       0x32 C:/ST/STM32CubeIDE_1.16.0/STM32CubeIDE/plugins/com.st.stm32cube.ide.mcu.externaltools.gnu-tools-for-stm32.12.3.rel1.win32_1.1.0.202410251130/tools/bin/../lib/gcc/arm-none-eabi/12.3.1/../../../../arm-none-eabi/lib/thumb/v7e-m+dp/hard\libc_nano.a(libc_a-memset.o)
 .ARM.attributes
                0x000007ad       0x32 C:/ST/STM32CubeIDE_1.16.0/STM32CubeIDE/plugins/com.st.stm32cube.ide.mcu.externaltools.gnu-tools-for-stm32.12.3.rel1.win32_1.1.0.202410251130/tools/bin/../lib/gcc/arm-none-eabi/12.3.1/../../../../arm-none-eabi/lib/thumb/v7e-m+dp/hard\libc_nano.a(libc_a-closer.o)
 .ARM.attributes
                0x000007df       0x32 C:/ST/STM32CubeIDE_1.16.0/STM32CubeIDE/plugins/com.st.stm32cube.ide.mcu.externaltools.gnu-tools-for-stm32.12.3.rel1.win32_1.1.0.202410251130/tools/bin/../lib/gcc/arm-none-eabi/12.3.1/../../../../arm-none-eabi/lib/thumb/v7e-m+dp/hard\libc_nano.a(libc_a-reent.o)
 .ARM.attributes
                0x00000811       0x32 C:/ST/STM32CubeIDE_1.16.0/STM32CubeIDE/plugins/com.st.stm32cube.ide.mcu.externaltools.gnu-tools-for-stm32.12.3.rel1.win32_1.1.0.202410251130/tools/bin/../lib/gcc/arm-none-eabi/12.3.1/../../../../arm-none-eabi/lib/thumb/v7e-m+dp/hard\libc_nano.a(libc_a-impure.o)
 .ARM.attributes
                0x00000843       0x32 C:/ST/STM32CubeIDE_1.16.0/STM32CubeIDE/plugins/com.st.stm32cube.ide.mcu.externaltools.gnu-tools-for-stm32.12.3.rel1.win32_1.1.0.202410251130/tools/bin/../lib/gcc/arm-none-eabi/12.3.1/../../../../arm-none-eabi/lib/thumb/v7e-m+dp/hard\libc_nano.a(libc_a-lseekr.o)
 .ARM.attributes
                0x00000875       0x32 C:/ST/STM32CubeIDE_1.16.0/STM32CubeIDE/plugins/com.st.stm32cube.ide.mcu.externaltools.gnu-tools-for-stm32.12.3.rel1.win32_1.1.0.202410251130/tools/bin/../lib/gcc/arm-none-eabi/12.3.1/../../../../arm-none-eabi/lib/thumb/v7e-m+dp/hard\libc_nano.a(libc_a-readr.o)
 .ARM.attributes
                0x000008a7       0x32 C:/ST/STM32CubeIDE_1.16.0/STM32CubeIDE/plugins/com.st.stm32cube.ide.mcu.externaltools.gnu-tools-for-stm32.12.3.rel1.win32_1.1.0.202410251130/tools/bin/../lib/gcc/arm-none-eabi/12.3.1/../../../../arm-none-eabi/lib/thumb/v7e-m+dp/hard\libc_nano.a(libc_a-sbrkr.o)
 .ARM.attributes
                0x000008d9       0x32 C:/ST/STM32CubeIDE_1.16.0/STM32CubeIDE/plugins/com.st.stm32cube.ide.mcu.externaltools.gnu-tools-for-stm32.12.3.rel1.win32_1.1.0.202410251130/tools/bin/../lib/gcc/arm-none-eabi/12.3.1/../../../../arm-none-eabi/lib/thumb/v7e-m+dp/hard\libc_nano.a(libc_a-writer.o)
 .ARM.attributes
                0x0000090b       0x32 C:/ST/STM32CubeIDE_1.16.0/STM32CubeIDE/plugins/com.st.stm32cube.ide.mcu.externaltools.gnu-tools-for-stm32.12.3.rel1.win32_1.1.0.202410251130/tools/bin/../lib/gcc/arm-none-eabi/12.3.1/../../../../arm-none-eabi/lib/thumb/v7e-m+dp/hard\libc_nano.a(libc_a-errno.o)
 .ARM.attributes
                0x0000093d       0x32 C:/ST/STM32CubeIDE_1.16.0/STM32CubeIDE/plugins/com.st.stm32cube.ide.mcu.externaltools.gnu-tools-for-stm32.12.3.rel1.win32_1.1.0.202410251130/tools/bin/../lib/gcc/arm-none-eabi/12.3.1/../../../../arm-none-eabi/lib/thumb/v7e-m+dp/hard\libc_nano.a(libc_a-init.o)
 .ARM.attributes
                0x0000096f       0x32 C:/ST/STM32CubeIDE_1.16.0/STM32CubeIDE/plugins/com.st.stm32cube.ide.mcu.externaltools.gnu-tools-for-stm32.12.3.rel1.win32_1.1.0.202410251130/tools/bin/../lib/gcc/arm-none-eabi/12.3.1/../../../../arm-none-eabi/lib/thumb/v7e-m+dp/hard\libc_nano.a(libc_a-lock.o)
 .ARM.attributes
                0x000009a1       0x32 C:/ST/STM32CubeIDE_1.16.0/STM32CubeIDE/plugins/com.st.stm32cube.ide.mcu.externaltools.gnu-tools-for-stm32.12.3.rel1.win32_1.1.0.202410251130/tools/bin/../lib/gcc/arm-none-eabi/12.3.1/../../../../arm-none-eabi/lib/thumb/v7e-m+dp/hard\libc_nano.a(libc_a-freer.o)
 .ARM.attributes
                0x000009d3       0x32 C:/ST/STM32CubeIDE_1.16.0/STM32CubeIDE/plugins/com.st.stm32cube.ide.mcu.externaltools.gnu-tools-for-stm32.12.3.rel1.win32_1.1.0.202410251130/tools/bin/../lib/gcc/arm-none-eabi/12.3.1/../../../../arm-none-eabi/lib/thumb/v7e-m+dp/hard\libc_nano.a(libc_a-nano-vfprintf.o)
 .ARM.attributes
                0x00000a05       0x32 C:/ST/STM32CubeIDE_1.16.0/STM32CubeIDE/plugins/com.st.stm32cube.ide.mcu.externaltools.gnu-tools-for-stm32.12.3.rel1.win32_1.1.0.202410251130/tools/bin/../lib/gcc/arm-none-eabi/12.3.1/../../../../arm-none-eabi/lib/thumb/v7e-m+dp/hard\libc_nano.a(libc_a-nano-vfprintf_i.o)
 .ARM.attributes
                0x00000a37       0x32 C:/ST/STM32CubeIDE_1.16.0/STM32CubeIDE/plugins/com.st.stm32cube.ide.mcu.externaltools.gnu-tools-for-stm32.12.3.rel1.win32_1.1.0.202410251130/tools/bin/../lib/gcc/arm-none-eabi/12.3.1/../../../../arm-none-eabi/lib/thumb/v7e-m+dp/hard\libc_nano.a(libc_a-fflush.o)
 .ARM.attributes
                0x00000a69       0x32 C:/ST/STM32CubeIDE_1.16.0/STM32CubeIDE/plugins/com.st.stm32cube.ide.mcu.externaltools.gnu-tools-for-stm32.12.3.rel1.win32_1.1.0.202410251130/tools/bin/../lib/gcc/arm-none-eabi/12.3.1/../../../../arm-none-eabi/lib/thumb/v7e-m+dp/hard\libc_nano.a(libc_a-makebuf.o)
 .ARM.attributes
                0x00000a9b       0x32 C:/ST/STM32CubeIDE_1.16.0/STM32CubeIDE/plugins/com.st.stm32cube.ide.mcu.externaltools.gnu-tools-for-stm32.12.3.rel1.win32_1.1.0.202410251130/tools/bin/../lib/gcc/arm-none-eabi/12.3.1/../../../../arm-none-eabi/lib/thumb/v7e-m+dp/hard\libc_nano.a(libc_a-fstatr.o)
 .ARM.attributes
                0x00000acd       0x32 C:/ST/STM32CubeIDE_1.16.0/STM32CubeIDE/plugins/com.st.stm32cube.ide.mcu.externaltools.gnu-tools-for-stm32.12.3.rel1.win32_1.1.0.202410251130/tools/bin/../lib/gcc/arm-none-eabi/12.3.1/../../../../arm-none-eabi/lib/thumb/v7e-m+dp/hard\libc_nano.a(libc_a-isattyr.o)
 .ARM.attributes
                0x00000aff       0x1c C:/ST/STM32CubeIDE_1.16.0/STM32CubeIDE/plugins/com.st.stm32cube.ide.mcu.externaltools.gnu-tools-for-stm32.12.3.rel1.win32_1.1.0.202410251130/tools/bin/../lib/gcc/arm-none-eabi/12.3.1/../../../../arm-none-eabi/lib/thumb/v7e-m+dp/hard\libc_nano.a(libc_a-memchr.o)
 .ARM.attributes
                0x00000b1b       0x20 C:/ST/STM32CubeIDE_1.16.0/STM32CubeIDE/plugins/com.st.stm32cube.ide.mcu.externaltools.gnu-tools-for-stm32.12.3.rel1.win32_1.1.0.202410251130/tools/bin/../lib/gcc/arm-none-eabi/12.3.1/thumb/v7e-m+dp/hard\libgcc.a(_aeabi_uldivmod.o)
 .ARM.attributes
                0x00000b3b       0x32 C:/ST/STM32CubeIDE_1.16.0/STM32CubeIDE/plugins/com.st.stm32cube.ide.mcu.externaltools.gnu-tools-for-stm32.12.3.rel1.win32_1.1.0.202410251130/tools/bin/../lib/gcc/arm-none-eabi/12.3.1/thumb/v7e-m+dp/hard\libgcc.a(_udivmoddi4.o)
 .ARM.attributes
                0x00000b6d       0x20 C:/ST/STM32CubeIDE_1.16.0/STM32CubeIDE/plugins/com.st.stm32cube.ide.mcu.externaltools.gnu-tools-for-stm32.12.3.rel1.win32_1.1.0.202410251130/tools/bin/../lib/gcc/arm-none-eabi/12.3.1/thumb/v7e-m+dp/hard\libgcc.a(_dvmd_tls.o)
 .ARM.attributes
                0x00000b8d       0x20 C:/ST/STM32CubeIDE_1.16.0/STM32CubeIDE/plugins/com.st.stm32cube.ide.mcu.externaltools.gnu-tools-for-stm32.12.3.rel1.win32_1.1.0.202410251130/tools/bin/../lib/gcc/arm-none-eabi/12.3.1/thumb/v7e-m+dp/hard/crtn.o
OUTPUT(STM32H7v2.elf elf32-littlearm)
LOAD linker stubs
LOAD C:/ST/STM32CubeIDE_1.16.0/STM32CubeIDE/plugins/com.st.stm32cube.ide.mcu.externaltools.gnu-tools-for-stm32.12.3.rel1.win32_1.1.0.202410251130/tools/bin/../lib/gcc/arm-none-eabi/12.3.1/../../../../arm-none-eabi/lib/thumb/v7e-m+dp/hard\libc.a
LOAD C:/ST/STM32CubeIDE_1.16.0/STM32CubeIDE/plugins/com.st.stm32cube.ide.mcu.externaltools.gnu-tools-for-stm32.12.3.rel1.win32_1.1.0.202410251130/tools/bin/../lib/gcc/arm-none-eabi/12.3.1/../../../../arm-none-eabi/lib/thumb/v7e-m+dp/hard\libm.a
LOAD C:/ST/STM32CubeIDE_1.16.0/STM32CubeIDE/plugins/com.st.stm32cube.ide.mcu.externaltools.gnu-tools-for-stm32.12.3.rel1.win32_1.1.0.202410251130/tools/bin/../lib/gcc/arm-none-eabi/12.3.1/thumb/v7e-m+dp/hard\libgcc.a

.debug_info     0x00000000    0x19116
 .debug_info    0x00000000      0x93a ./Core/Src/DEV_Config.o
 .debug_info    0x0000093a      0x70e ./Core/Src/EPD_4in2_V2.o
 .debug_info    0x00001048     0x101c ./Core/Src/GUI_Paint.o
 .debug_info    0x00002064      0x6dd ./Core/Src/ImageData.o
 .debug_info    0x00002741      0x12c ./Core/Src/font12.o
 .debug_info    0x0000286d      0x17a ./Core/Src/font12CN.o
 .debug_info    0x000029e7      0x12c ./Core/Src/font16.o
 .debug_info    0x00002b13      0x12c ./Core/Src/font20.o
 .debug_info    0x00002c3f      0x17b ./Core/Src/font24CN.o
 .debug_info    0x00002dba     0x219f ./Core/Src/main.o
 .debug_info    0x00004f59     0x1894 ./Core/Src/stm32h7xx_hal_msp.o
 .debug_info    0x000067ed      0x128 ./Core/Src/stm32h7xx_it.o
 .debug_info    0x00006915      0x6a3 ./Core/Src/syscalls.o
 .debug_info    0x00006fb8      0x168 ./Core/Src/sysmem.o
 .debug_info    0x00007120      0xb2e ./Core/Src/system_stm32h7xx.o
 .debug_info    0x00007c4e       0x30 ./Core/Startup/startup_stm32h723vgtx.o
 .debug_info    0x00007c7e     0x1698 ./Drivers/STM32H7xx_HAL_Driver/Src/stm32h7xx_hal.o
 .debug_info    0x00009316     0x10a5 ./Drivers/STM32H7xx_HAL_Driver/Src/stm32h7xx_hal_cortex.o
 .debug_info    0x0000a3bb      0xc6b ./Drivers/STM32H7xx_HAL_Driver/Src/stm32h7xx_hal_gpio.o
 .debug_info    0x0000b026      0xdce ./Drivers/STM32H7xx_HAL_Driver/Src/stm32h7xx_hal_pwr_ex.o
 .debug_info    0x0000bdf4      0xd82 ./Drivers/STM32H7xx_HAL_Driver/Src/stm32h7xx_hal_rcc.o
 .debug_info    0x0000cb76     0x120b ./Drivers/STM32H7xx_HAL_Driver/Src/stm32h7xx_hal_rcc_ex.o
 .debug_info    0x0000dd81     0x144a ./Drivers/STM32H7xx_HAL_Driver/Src/stm32h7xx_hal_spi.o
 .debug_info    0x0000f1cb     0x2bae ./Drivers/STM32H7xx_HAL_Driver/Src/stm32h7xx_hal_tim.o
 .debug_info    0x00011d79     0x18c1 ./Drivers/STM32H7xx_HAL_Driver/Src/stm32h7xx_hal_tim_ex.o
 .debug_info    0x0001363a     0x4b1d ./Drivers/STM32H7xx_HAL_Driver/Src/stm32h7xx_hal_uart.o
 .debug_info    0x00018157      0xfbf ./Drivers/STM32H7xx_HAL_Driver/Src/stm32h7xx_hal_uart_ex.o

.debug_abbrev   0x00000000     0x3202
 .debug_abbrev  0x00000000      0x1ee ./Core/Src/DEV_Config.o
 .debug_abbrev  0x000001ee      0x27b ./Core/Src/EPD_4in2_V2.o
 .debug_abbrev  0x00000469      0x213 ./Core/Src/GUI_Paint.o
 .debug_abbrev  0x0000067c       0x90 ./Core/Src/ImageData.o
 .debug_abbrev  0x0000070c       0xb1 ./Core/Src/font12.o
 .debug_abbrev  0x000007bd       0xb1 ./Core/Src/font12CN.o
 .debug_abbrev  0x0000086e       0xb1 ./Core/Src/font16.o
 .debug_abbrev  0x0000091f       0xb1 ./Core/Src/font20.o
 .debug_abbrev  0x000009d0       0xb1 ./Core/Src/font24CN.o
 .debug_abbrev  0x00000a81      0x382 ./Core/Src/main.o
 .debug_abbrev  0x00000e03      0x265 ./Core/Src/stm32h7xx_hal_msp.o
 .debug_abbrev  0x00001068       0x73 ./Core/Src/stm32h7xx_it.o
 .debug_abbrev  0x000010db      0x1b6 ./Core/Src/syscalls.o
 .debug_abbrev  0x00001291       0xbc ./Core/Src/sysmem.o
 .debug_abbrev  0x0000134d      0x13a ./Core/Src/system_stm32h7xx.o
 .debug_abbrev  0x00001487       0x24 ./Core/Startup/startup_stm32h723vgtx.o
 .debug_abbrev  0x000014ab      0x29e ./Drivers/STM32H7xx_HAL_Driver/Src/stm32h7xx_hal.o
 .debug_abbrev  0x00001749      0x339 ./Drivers/STM32H7xx_HAL_Driver/Src/stm32h7xx_hal_cortex.o
 .debug_abbrev  0x00001a82      0x205 ./Drivers/STM32H7xx_HAL_Driver/Src/stm32h7xx_hal_gpio.o
 .debug_abbrev  0x00001c87      0x295 ./Drivers/STM32H7xx_HAL_Driver/Src/stm32h7xx_hal_pwr_ex.o
 .debug_abbrev  0x00001f1c      0x2b1 ./Drivers/STM32H7xx_HAL_Driver/Src/stm32h7xx_hal_rcc.o
 .debug_abbrev  0x000021cd      0x269 ./Drivers/STM32H7xx_HAL_Driver/Src/stm32h7xx_hal_rcc_ex.o
 .debug_abbrev  0x00002436      0x2b1 ./Drivers/STM32H7xx_HAL_Driver/Src/stm32h7xx_hal_spi.o
 .debug_abbrev  0x000026e7      0x276 ./Drivers/STM32H7xx_HAL_Driver/Src/stm32h7xx_hal_tim.o
 .debug_abbrev  0x0000295d      0x296 ./Drivers/STM32H7xx_HAL_Driver/Src/stm32h7xx_hal_tim_ex.o
 .debug_abbrev  0x00002bf3      0x33d ./Drivers/STM32H7xx_HAL_Driver/Src/stm32h7xx_hal_uart.o
 .debug_abbrev  0x00002f30      0x2d2 ./Drivers/STM32H7xx_HAL_Driver/Src/stm32h7xx_hal_uart_ex.o

.debug_aranges  0x00000000     0x1498
 .debug_aranges
                0x00000000       0x38 ./Core/Src/DEV_Config.o
 .debug_aranges
                0x00000038       0xb8 ./Core/Src/EPD_4in2_V2.o
 .debug_aranges
                0x000000f0       0xc0 ./Core/Src/GUI_Paint.o
 .debug_aranges
                0x000001b0       0x18 ./Core/Src/ImageData.o
 .debug_aranges
                0x000001c8       0x18 ./Core/Src/font12.o
 .debug_aranges
                0x000001e0       0x18 ./Core/Src/font12CN.o
 .debug_aranges
                0x000001f8       0x18 ./Core/Src/font16.o
 .debug_aranges
                0x00000210       0x18 ./Core/Src/font20.o
 .debug_aranges
                0x00000228       0x18 ./Core/Src/font24CN.o
 .debug_aranges
                0x00000240       0x68 ./Core/Src/main.o
 .debug_aranges
                0x000002a8       0x50 ./Core/Src/stm32h7xx_hal_msp.o
 .debug_aranges
                0x000002f8       0x60 ./Core/Src/stm32h7xx_it.o
 .debug_aranges
                0x00000358       0xa8 ./Core/Src/syscalls.o
 .debug_aranges
                0x00000400       0x20 ./Core/Src/sysmem.o
 .debug_aranges
                0x00000420       0x28 ./Core/Src/system_stm32h7xx.o
 .debug_aranges
                0x00000448       0x28 ./Core/Startup/startup_stm32h723vgtx.o
 .debug_aranges
                0x00000470      0x1c8 ./Drivers/STM32H7xx_HAL_Driver/Src/stm32h7xx_hal.o
 .debug_aranges
                0x00000638      0x130 ./Drivers/STM32H7xx_HAL_Driver/Src/stm32h7xx_hal_cortex.o
 .debug_aranges
                0x00000768       0x58 ./Drivers/STM32H7xx_HAL_Driver/Src/stm32h7xx_hal_gpio.o
 .debug_aranges
                0x000007c0      0x148 ./Drivers/STM32H7xx_HAL_Driver/Src/stm32h7xx_hal_pwr_ex.o
 .debug_aranges
                0x00000908       0x88 ./Drivers/STM32H7xx_HAL_Driver/Src/stm32h7xx_hal_rcc.o
 .debug_aranges
                0x00000990       0xf8 ./Drivers/STM32H7xx_HAL_Driver/Src/stm32h7xx_hal_rcc_ex.o
 .debug_aranges
                0x00000a88      0x1a8 ./Drivers/STM32H7xx_HAL_Driver/Src/stm32h7xx_hal_spi.o
 .debug_aranges
                0x00000c30      0x3e0 ./Drivers/STM32H7xx_HAL_Driver/Src/stm32h7xx_hal_tim.o
 .debug_aranges
                0x00001010      0x198 ./Drivers/STM32H7xx_HAL_Driver/Src/stm32h7xx_hal_tim_ex.o
 .debug_aranges
                0x000011a8      0x248 ./Drivers/STM32H7xx_HAL_Driver/Src/stm32h7xx_hal_uart.o
 .debug_aranges
                0x000013f0       0xa8 ./Drivers/STM32H7xx_HAL_Driver/Src/stm32h7xx_hal_uart_ex.o

.debug_rnglists
                0x00000000      0xf9e
 .debug_rnglists
                0x00000000       0x25 ./Core/Src/DEV_Config.o
 .debug_rnglists
                0x00000025       0x8c ./Core/Src/EPD_4in2_V2.o
 .debug_rnglists
                0x000000b1       0x9b ./Core/Src/GUI_Paint.o
 .debug_rnglists
                0x0000014c       0x4f ./Core/Src/main.o
 .debug_rnglists
                0x0000019b       0x39 ./Core/Src/stm32h7xx_hal_msp.o
 .debug_rnglists
                0x000001d4       0x43 ./Core/Src/stm32h7xx_it.o
 .debug_rnglists
                0x00000217       0x79 ./Core/Src/syscalls.o
 .debug_rnglists
                0x00000290       0x13 ./Core/Src/sysmem.o
 .debug_rnglists
                0x000002a3       0x1b ./Core/Src/system_stm32h7xx.o
 .debug_rnglists
                0x000002be       0x19 ./Core/Startup/startup_stm32h723vgtx.o
 .debug_rnglists
                0x000002d7      0x155 ./Drivers/STM32H7xx_HAL_Driver/Src/stm32h7xx_hal.o
 .debug_rnglists
                0x0000042c       0xe0 ./Drivers/STM32H7xx_HAL_Driver/Src/stm32h7xx_hal_cortex.o
 .debug_rnglists
                0x0000050c       0x3f ./Drivers/STM32H7xx_HAL_Driver/Src/stm32h7xx_hal_gpio.o
 .debug_rnglists
                0x0000054b       0xf5 ./Drivers/STM32H7xx_HAL_Driver/Src/stm32h7xx_hal_pwr_ex.o
 .debug_rnglists
                0x00000640       0x68 ./Drivers/STM32H7xx_HAL_Driver/Src/stm32h7xx_hal_rcc.o
 .debug_rnglists
                0x000006a8       0xc0 ./Drivers/STM32H7xx_HAL_Driver/Src/stm32h7xx_hal_rcc_ex.o
 .debug_rnglists
                0x00000768      0x148 ./Drivers/STM32H7xx_HAL_Driver/Src/stm32h7xx_hal_spi.o
 .debug_rnglists
                0x000008b0      0x328 ./Drivers/STM32H7xx_HAL_Driver/Src/stm32h7xx_hal_tim.o
 .debug_rnglists
                0x00000bd8      0x14d ./Drivers/STM32H7xx_HAL_Driver/Src/stm32h7xx_hal_tim_ex.o
 .debug_rnglists
                0x00000d25      0x1fa ./Drivers/STM32H7xx_HAL_Driver/Src/stm32h7xx_hal_uart.o
 .debug_rnglists
                0x00000f1f       0x7f ./Drivers/STM32H7xx_HAL_Driver/Src/stm32h7xx_hal_uart_ex.o

.debug_macro    0x00000000    0x35357
 .debug_macro   0x00000000      0x314 ./Core/Src/DEV_Config.o
 .debug_macro   0x00000314      0xad2 ./Core/Src/DEV_Config.o
 .debug_macro   0x00000de6      0x23e ./Core/Src/DEV_Config.o
 .debug_macro   0x00001024       0x2e ./Core/Src/DEV_Config.o
 .debug_macro   0x00001052       0x3b ./Core/Src/DEV_Config.o
 .debug_macro   0x0000108d       0x22 ./Core/Src/DEV_Config.o
 .debug_macro   0x000010af       0x8e ./Core/Src/DEV_Config.o
 .debug_macro   0x0000113d       0x51 ./Core/Src/DEV_Config.o
 .debug_macro   0x0000118e      0x103 ./Core/Src/DEV_Config.o
 .debug_macro   0x00001291       0x6a ./Core/Src/DEV_Config.o
 .debug_macro   0x000012fb      0x1df ./Core/Src/DEV_Config.o
 .debug_macro   0x000014da       0x1c ./Core/Src/DEV_Config.o
 .debug_macro   0x000014f6       0x22 ./Core/Src/DEV_Config.o
 .debug_macro   0x00001518       0xfb ./Core/Src/DEV_Config.o
 .debug_macro   0x00001613     0x1305 ./Core/Src/DEV_Config.o
 .debug_macro   0x00002918      0x11f ./Core/Src/DEV_Config.o
 .debug_macro   0x00002a37       0x27 ./Core/Src/DEV_Config.o
 .debug_macro   0x00002a5e    0x216c1 ./Core/Src/DEV_Config.o
 .debug_macro   0x0002411f       0x6d ./Core/Src/DEV_Config.o
 .debug_macro   0x0002418c     0x3d64 ./Core/Src/DEV_Config.o
 .debug_macro   0x00027ef0      0x189 ./Core/Src/DEV_Config.o
 .debug_macro   0x00028079       0x61 ./Core/Src/DEV_Config.o
 .debug_macro   0x000280da       0x29 ./Core/Src/DEV_Config.o
 .debug_macro   0x00028103       0x43 ./Core/Src/DEV_Config.o
 .debug_macro   0x00028146       0x34 ./Core/Src/DEV_Config.o
 .debug_macro   0x0002817a       0x16 ./Core/Src/DEV_Config.o
 .debug_macro   0x00028190       0x43 ./Core/Src/DEV_Config.o
 .debug_macro   0x000281d3       0x34 ./Core/Src/DEV_Config.o
 .debug_macro   0x00028207       0x10 ./Core/Src/DEV_Config.o
 .debug_macro   0x00028217       0x58 ./Core/Src/DEV_Config.o
 .debug_macro   0x0002826f       0x8e ./Core/Src/DEV_Config.o
 .debug_macro   0x000282fd       0x1c ./Core/Src/DEV_Config.o
 .debug_macro   0x00028319      0x177 ./Core/Src/DEV_Config.o
 .debug_macro   0x00028490      0x369 ./Core/Src/DEV_Config.o
 .debug_macro   0x000287f9      0x19b ./Core/Src/DEV_Config.o
 .debug_macro   0x00028994       0x5d ./Core/Src/DEV_Config.o
 .debug_macro   0x000289f1     0x2462 ./Core/Src/DEV_Config.o
 .debug_macro   0x0002ae53     0x1079 ./Core/Src/DEV_Config.o
 .debug_macro   0x0002becc      0x154 ./Core/Src/DEV_Config.o
 .debug_macro   0x0002c020      0x114 ./Core/Src/DEV_Config.o
 .debug_macro   0x0002c134      0x3fc ./Core/Src/DEV_Config.o
 .debug_macro   0x0002c530       0xac ./Core/Src/DEV_Config.o
 .debug_macro   0x0002c5dc      0x788 ./Core/Src/DEV_Config.o
 .debug_macro   0x0002cd64      0x228 ./Core/Src/DEV_Config.o
 .debug_macro   0x0002cf8c       0x66 ./Core/Src/DEV_Config.o
 .debug_macro   0x0002cff2      0x3a6 ./Core/Src/DEV_Config.o
 .debug_macro   0x0002d398      0x3f9 ./Core/Src/DEV_Config.o
 .debug_macro   0x0002d791      0x275 ./Core/Src/DEV_Config.o
 .debug_macro   0x0002da06      0x3ca ./Core/Src/DEV_Config.o
 .debug_macro   0x0002ddd0      0x45c ./Core/Src/DEV_Config.o
 .debug_macro   0x0002e22c       0x3c ./Core/Src/DEV_Config.o
 .debug_macro   0x0002e268       0x4a ./Core/Src/DEV_Config.o