../Core/Src/epaper.c:33:6:epd_delay	16	static
../Core/Src/epaper.c:38:6:epd_res_set	8	static
../Core/Src/epaper.c:44:6:epd_res_reset	8	static
../Core/Src/epaper.c:50:6:epd_dc_set	8	static
../Core/Src/epaper.c:56:6:epd_dc_reset	8	static
../Core/Src/epaper.c:62:6:epd_cs_set	8	static
../Core/Src/epaper.c:68:6:epd_cs_reset	8	static
../Core/Src/epaper.c:74:9:epd_is_busy	8	static
../Core/Src/epaper.c:80:6:epd_write_reg	16	static
../Core/Src/epaper.c:94:6:epd_write_data	16	static
../Core/Src/epaper.c:106:6:_epd_write_data	24	static
../Core/Src/epaper.c:140:6:_epd_write_data_over	4	static
../Core/Src/epaper.c:146:9:epd_wait_busy	16	static
../Core/Src/epaper.c:161:6:epd_reset	8	static
../Core/Src/epaper.c:170:9:epd_init	8	static
../Core/Src/epaper.c:257:9:epd_init_partial	8	static
../Core/Src/epaper.c:282:6:epd_enter_deepsleepmode	16	static
../Core/Src/epaper.c:290:9:epd_power_on	8	static
../Core/Src/epaper.c:304:9:epd_power_off	8	static
../Core/Src/epaper.c:313:6:epd_init_internalTempSensor	8	static
../Core/Src/epaper.c:323:6:epd_update	8	static
../Core/Src/epaper.c:339:6:epd_update_partial	8	static
../Core/Src/epaper.c:355:6:epd_address_set	24	static
../Core/Src/epaper.c:368:6:epd_setpos	24	static
../Core/Src/epaper.c:390:6:epd_writedata	24	static
../Core/Src/epaper.c:401:6:epd_display	40	static
../Core/Src/epaper.c:438:6:epd_displayBW	24	static
../Core/Src/epaper.c:456:6:epd_displayBW_partial	24	static
../Core/Src/epaper.c:474:6:epd_displayRED	24	static
../Core/Src/epaper.c:494:6:epd_paint_newimage	24	static
../Core/Src/epaper.c:518:6:epd_paint_setpixel	32	static
../Core/Src/epaper.c:555:6:epd_paint_clear	24	static
../Core/Src/epaper.c:570:6:epd_paint_selectimage	16	static
../Core/Src/epaper.c:575:6:epd_paint_drawPoint	16	static
../Core/Src/epaper.c:580:6:epd_paint_drawLine	56	static
../Core/Src/epaper.c:619:6:epd_paint_drawRectangle	40	static
../Core/Src/epaper.c:638:6:epd_paint_drawCircle	32	static
../Core/Src/epaper.c:694:6:epd_paint_showChar	40	static
../Core/Src/epaper.c:745:6:epd_paint_showString	40	static
../Core/Src/epaper.c:767:17:_Pow	24	static
../Core/Src/epaper.c:777:6:epd_paint_showNum	48	static
../Core/Src/epaper.c:796:6:epd_paint_showChinese	40	static
../Core/Src/epaper.c:841:6:epd_paint_showPicture	40	static
