../Core/Src/EPD_4in2_V2.c:75:13:EPD_4IN2_V2_Reset	8	static
../Core/Src/EPD_4in2_V2.c:90:13:EPD_4IN2_V2_SendCommand	16	static
../Core/Src/EPD_4in2_V2.c:103:13:EPD_4IN2_V2_SendData	16	static
../Core/Src/EPD_4in2_V2.c:115:6:EPD_4IN2_V2_ReadBusy	8	static
../Core/Src/EPD_4in2_V2.c:128:13:EPD_4IN2_V2_TurnOnDisplay	8	static
../Core/Src/EPD_4in2_V2.c:136:13:EPD_4IN2_V2_TurnOnDisplay_Fast	8	static
../Core/Src/EPD_4in2_V2.c:144:13:EPD_4IN2_V2_TurnOnDisplay_Partial	8	static
../Core/Src/EPD_4in2_V2.c:152:13:EPD_4IN2_V2_TurnOnDisplay_4Gray	8	static
../Core/Src/EPD_4in2_V2.c:164:13:EPD_4IN2_V2_SetWindows	24	static
../Core/Src/EPD_4in2_V2.c:181:13:EPD_4IN2_V2_SetCursor	16	static
../Core/Src/EPD_4in2_V2.c:192:13:EPD_4IN2_V2_4Gray_lut	16	static
../Core/Src/EPD_4in2_V2.c:225:6:EPD_4IN2_V2_Init	8	static
../Core/Src/EPD_4in2_V2.c:259:6:EPD_4IN2_V2_Init_Fast	16	static
../Core/Src/EPD_4in2_V2.c:303:6:EPD_4IN2_V2_Init_4Gray	8	static
../Core/Src/EPD_4in2_V2.c:341:6:EPD_4IN2_V2_Clear	24	static
../Core/Src/EPD_4in2_V2.c:367:6:EPD_4IN2_V2_Display	32	static
../Core/Src/EPD_4in2_V2.c:393:6:EPD_4IN2_V2_Display_Fast	32	static
../Core/Src/EPD_4in2_V2.c:416:6:EPD_4IN2_V2_Display_4Gray	40	static
../Core/Src/EPD_4in2_V2.c:513:6:EPD_4IN2_V2_PartialDisplay	32	static
../Core/Src/EPD_4in2_V2.c:575:6:EPD_4IN2_V2_Sleep	8	static
