../Core/Src/main.c:109:1:__io_putchar	16	static
../Core/Src/main.c:116:6:App_DrawUI	24	static
../Core/Src/main.c:150:5:main	16	static
../Core/Src/main.c:248:6:SystemClock_Config	120	static
../Core/Src/main.c:308:13:MX_SPI1_Init	8	static
../Core/Src/main.c:356:13:MX_TIM8_Init	56	static
../Core/Src/main.c:426:13:MX_UART4_Init	8	static
../Core/Src/main.c:472:13:MX_DMA_Init	16	static
../Core/Src/main.c:490:13:MX_GPIO_Init	48	static
../Core/Src/main.c:881:6:MPU_Config	24	static
../Core/Src/main.c:912:6:Error_Handler	4	static,ignoring_inline_asm
