../Core/Src/main.c:108:1:__io_putchar	16	static
../Core/Src/main.c:115:6:App_DrawUI	16	static
../Core/Src/main.c:149:5:main	16	static
../Core/Src/main.c:258:6:SystemClock_Config	120	static
../Core/Src/main.c:318:13:MX_SPI1_Init	8	static
../Core/Src/main.c:366:13:MX_TIM8_Init	56	static
../Core/Src/main.c:436:13:MX_UART4_Init	8	static
../Core/Src/main.c:482:13:MX_DMA_Init	16	static
../Core/Src/main.c:500:13:MX_GPIO_Init	48	static
../Core/Src/main.c:903:6:MPU_Config	24	static
../Core/Src/main.c:934:6:Error_Handler	4	static,ignoring_inline_asm
