../Core/Src/ssd1320_driver.c:13:6:SSD1320_Reset	8	static
../Core/Src/ssd1320_driver.c:21:6:SSD1320_SendCommandLeft	16	static
../Core/Src/ssd1320_driver.c:38:6:SSD1320_SendCommandRight	16	static
../Core/Src/ssd1320_driver.c:56:6:SSD1320_SendCommandBoth	16	static
../Core/Src/ssd1320_driver.c:78:6:HAL_SPI_TxCpltCallback	16	static
../Core/Src/ssd1320_driver.c:108:6:SSD1320_SetColumnAddressLeft	16	static
../Core/Src/ssd1320_driver.c:115:6:SSD1320_SetRowAddressLeft	16	static
../Core/Src/ssd1320_driver.c:122:6:SSD1320_SetColumnAddressRight	16	static
../Core/Src/ssd1320_driver.c:129:6:SSD1320_SetRowAddressRight	16	static
../Core/Src/ssd1320_driver.c:136:6:OLED_Clear	24	static
../Core/Src/ssd1320_driver.c:151:6:SSD1320_SetAddress	24	static
../Core/Src/ssd1320_driver.c:190:6:SSD1320_SendBuffers	8	static
../Core/Src/ssd1320_driver.c:199:6:SSD1320_Init	8	static
